Unity Editor version:    6000.3.6f1 (bbb010bdb8a3)
Branch:                  6000.3/respin/6000.3.6f1-732c1ec89f18
Build type:              Release
Batch mode:              YES
System name:             Linux
Distro version:          #138~22.04.1-Ubuntu SMP PREEMPT_DYNAMIC Fri Aug  7 13:43:15 UTC 
Kernel version:          6.8.0-138-generic
Architecture:            x86_64
Available memory:        64200 MB
Date:                    2026-08-22T21:43:26Z
[Licensing::Module] Trying to connect to existing licensing client channel...
Initialize udev device monitor.
[Licensing::IpcConnector] Successfully connected to: "LicenseClient-crynet" at "2026-08-22T21:43:26.589674Z"
[SignatureVerifier] Application signature verification not supported on this platform.

COMMAND LINE ARGUMENTS:
/media/crynet/DATA/GAMEDEV/Unity/6000.3.6f1/Editor/Unity
-batchmode
-nographics
-silent-crashes
-disable-assembly-updater
-projectPath
/media/crynet/DATA/GAMEDEV/HierarchyColorStudio/Dev63
-quit
-logFile
/media/crynet/DATA/GAMEDEV/HierarchyColorStudio/Dist/compile-6000.3.log
Successfully changed project path to: /media/crynet/DATA/GAMEDEV/HierarchyColorStudio/Dev63
[Licensing::Client] Handshaking with LicensingClient:
  Version:                 1.17.4+4293ba1
  Session Id:              91451aec36ca45b7bc8deddbcd3414ff
  Correlation Id:          1a01e98e733f308017c03045a5a8ff78
  External correlation Id: 3933787423596498783
  Machine Id:              lF+nD3jF1V9hST0AjrlIBWiEwFY=
[Licensing::Module] Successfully connected to LicensingClient on channel: "LicenseClient-crynet" (connect: 0.00s, validation: 0.00s, handshake: 0.00s)
[Licensing::IpcConnector] Successfully connected to: "LicenseClient-crynet-notifications" at "2026-08-22T21:43:26.592503Z"
[Licensing::Module] Error: Access token is unavailable; failed to update
/media/crynet/DATA/GAMEDEV/HierarchyColorStudio/Dev63
[UnityMemory] Configuration Parameters - Can be set up in boot.config
    "memorysetup-allocator-temp-initial-block-size-main=262144"
    "memorysetup-allocator-temp-initial-block-size-worker=262144"
    "memorysetup-temp-allocator-size-background-worker=32768"
    "memorysetup-temp-allocator-size-job-worker=262144"
    "memorysetup-temp-allocator-size-preload-manager=33554432"
    "memorysetup-temp-allocator-size-nav-mesh-worker=65536"
    "memorysetup-temp-allocator-size-audio-worker=65536"
    "memorysetup-temp-allocator-size-cloud-worker=32768"
    "memorysetup-temp-allocator-size-gi-baking-worker=262144"
    "memorysetup-temp-allocator-size-gi-baking-worker=262144"
    "memorysetup-temp-allocator-size-gi-baking-worker=262144"
    "memorysetup-temp-allocator-size-gi-baking-worker=262144"
    "memorysetup-temp-allocator-size-gi-baking-worker=262144"
    "memorysetup-bucket-allocator-granularity=16"
    "memorysetup-bucket-allocator-bucket-count=8"
    "memorysetup-bucket-allocator-block-size=33554432"
    "memorysetup-bucket-allocator-block-count=8"
    "memorysetup-main-allocator-block-size=16777216"
    "memorysetup-thread-allocator-block-size=16777216"
    "memorysetup-gfx-main-allocator-block-size=16777216"
    "memorysetup-gfx-thread-allocator-block-size=16777216"
    "memorysetup-cache-allocator-block-size=4194304"
    "memorysetup-typetree-allocator-block-size=2097152"
    "memorysetup-profiler-bucket-allocator-granularity=16"
    "memorysetup-profiler-bucket-allocator-bucket-count=8"
    "memorysetup-profiler-bucket-allocator-block-size=33554432"
    "memorysetup-profiler-bucket-allocator-block-count=8"
    "memorysetup-profiler-allocator-block-size=16777216"
    "memorysetup-profiler-editor-allocator-block-size=1048576"
    "memorysetup-temp-allocator-size-main=16777216"
    "memorysetup-job-temp-allocator-block-size=2097152"
    "memorysetup-job-temp-allocator-block-size-background=1048576"
    "memorysetup-job-temp-allocator-reduction-small-platforms=262144"
    "memorysetup-temp-allocator-size-gfx=262144"
[Licensing::Client] Successfully resolved entitlement details
[Licensing::Module] License group:
  Id: 7972507634729-UnityPersXXXX
  Product: Unity Personal
  Type: Assigned
  Expiration: Unlimited
Player connection [126692730493696]  Target information:

Player connection [126692730493696]  * "[IP] 192.168.0.104 [Port] 55505 [Flags] 2 [Guid] 2727771340 [EditorId] 2727771340 [Version] 1048832 [Id] LinuxEditor(16,192.168.0.104) [Debug] 1 [PackageName] LinuxEditor [ProjectName] Editor" 

Player connection [126692730493696]  * "[IP] 172.18.0.1 [Port] 55505 [Flags] 2 [Guid] 2727771340 [EditorId] 2727771340 [Version] 1048832 [Id] LinuxEditor(16,192.168.0.104) [Debug] 1 [PackageName] LinuxEditor [ProjectName] Editor" 

Player connection [126692730493696]  * "[IP] 172.17.0.1 [Port] 55505 [Flags] 2 [Guid] 2727771340 [EditorId] 2727771340 [Version] 1048832 [Id] LinuxEditor(16,192.168.0.104) [Debug] 1 [PackageName] LinuxEditor [ProjectName] Editor" 

Player connection [126692730493696] Host joined multi-casting on [225.0.0.222:54997]...
Player connection [126692730493696] Host joined alternative multi-casting on [225.0.0.222:34997]...
[Licensing::Client] Successfully updated license, isAsync: True, time: 0.01
Input System module state changed to: Initialized.
[Licensing::Client] Successfully resolved entitlement details
[Licensing::Module] Licensing Background thread has ended after 0.02s
[Physics::Module] Initialized fallback backend.
[Physics::Module] Id: 0xdecafbad
[Package Manager] Connected to IPC stream "Upm-28786" after 0.2 seconds.
[Licensing::Client] Successfully resolved entitlement details
Library Redirect Path: Library/
Rebuilding Library because the asset database could not be found!
[Physics::Module] Selected backend.
[Physics::Module] Name: PhysX
[Physics::Module] Id: 0xf2b8ea05
[Physics::Module] SDK Version: 4.1.2
[Physics::Module] Integration Version: 1.0.0
[Physics::Module] Threading Mode: Multi-Threaded
Refreshing native plugins compatible for Editor in 0.00 ms, found 0 plugins.
Preloading 0 native plugins for Editor in 0.00 ms.
Initialize engine version: 6000.3.6f1 (bbb010bdb8a3)
[Subsystems] Discovering subsystems at path /media/crynet/DATA/GAMEDEV/Unity/6000.3.6f1/Editor/Data/Resources/UnitySubsystems
[Subsystems] Discovering subsystems at path /media/crynet/DATA/GAMEDEV/HierarchyColorStudio/Dev63/Assets
Forcing GfxDevice: Null
GfxDevice: creating device client; kGfxThreadingModeNonThreaded
NullGfxDevice:
    Version:  NULL 1.0 [1.0]
    Renderer: Null Device
    Vendor:   Unity Technologies
Initialize mono
Mono path[0] = '/media/crynet/DATA/GAMEDEV/Unity/6000.3.6f1/Editor/Data/Managed'
Mono path[1] = '/media/crynet/DATA/GAMEDEV/Unity/6000.3.6f1/Editor/Data/MonoBleedingEdge/lib/mono/unityjit-linux'
Mono config path = '/media/crynet/DATA/GAMEDEV/Unity/6000.3.6f1/Editor/Data/MonoBleedingEdge/etc'
Using monoOptions --debugger-agent=transport=dt_socket,embedding=1,server=y,suspend=n,address=127.0.0.1:56786
Using cacheserver namespaces - metadata:defaultmetadata, artifacts:defaultartifacts
Using cacheserver namespaces - metadata:defaultmetadata, artifacts:defaultartifacts
ImportWorker Server TCP listen port: 0
AcceleratorClientConnectionCallback - disconnected - :0
Begin MonoManager ReloadAssembly
Registering precompiled unity dll's ...
Register platform support module: /media/crynet/DATA/GAMEDEV/Unity/6000.3.6f1/Editor/Data/PlaybackEngines/LinuxStandaloneSupport/UnityEditor.LinuxStandalone.Extensions.dll
Registered in 0.002793 seconds.
- Loaded All Assemblies, in  0.391 seconds
Native extension for LinuxStandalone target not found
Package Manager log level set to [2]
[Licensing::Client] Successfully resolved entitlement details
ScheduleIndexationOnStartup MainProcess:False IndexOnStartup:False
Mono: successfully reloaded assembly
- Finished resetting the current domain, in  1.436 seconds
Domain Reload Profiling: 1827ms
	BeginReloadAssembly (143ms)
		ExecutionOrderSort (0ms)
		DisableScriptedObjects (0ms)
		BackupInstance (0ms)
		ReleaseScriptingObjects (0ms)
		CreateAndSetChildDomain (5ms)
	RebuildCommonClasses (38ms)
	RebuildNativeTypeToScriptingClass (7ms)
	initialDomainReloadingComplete (48ms)
	LoadAllAssembliesAndSetupDomain (155ms)
		LoadAssemblies (138ms)
		RebuildTransferFunctionScriptingTraits (0ms)
		AnalyzeDomain (151ms)
			TypeCache.Refresh (150ms)
				TypeCache.ScanAssembly (137ms)
			BuildScriptInfoCaches (0ms)
			ResolveRequiredComponents (0ms)
	FinalizeReload (1436ms)
		ReleaseScriptCaches (0ms)
		RebuildScriptCaches (0ms)
		SetupLoadedEditorAssemblies (1403ms)
			LogAssemblyErrors (0ms)
			InitializePlatformSupportModulesInManaged (44ms)
			SetLoadedEditorAssemblies (6ms)
			BeforeProcessingInitializeOnLoad (78ms)
			ProcessInitializeOnLoadAttributes (132ms)
			ProcessInitializeOnLoadMethodAttributes (1142ms)
			AfterProcessingInitializeOnLoad (0ms)
			EditorAssembliesLoaded (0ms)
		ExecutionOrderSort2 (0ms)
		AwakeInstancesAfterBackupRestoration (0ms)
[Licensing::Client] Successfully resolved entitlement details
Application.AssetDatabase Initial Refresh Start
[Package Manager] Done resolving packages in 0.49 seconds
[Package Manager] Lock file was modified
[Package Manager] Registered 8 packages:
  Built-in packages:
    com.unity.test-framework@1.6.0 (location: /media/crynet/DATA/GAMEDEV/HierarchyColorStudio/Dev63/Library/PackageCache/com.unity.test-framework@353f8d76a670)
    com.unity.modules.imgui@1.0.0 (location: /media/crynet/DATA/GAMEDEV/HierarchyColorStudio/Dev63/Library/PackageCache/com.unity.modules.imgui)
    com.unity.modules.jsonserialize@1.0.0 (location: /media/crynet/DATA/GAMEDEV/HierarchyColorStudio/Dev63/Library/PackageCache/com.unity.modules.jsonserialize)
    com.unity.modules.ui@1.0.0 (location: /media/crynet/DATA/GAMEDEV/HierarchyColorStudio/Dev63/Library/PackageCache/com.unity.modules.ui)
    com.unity.modules.uielements@1.0.0 (location: /media/crynet/DATA/GAMEDEV/HierarchyColorStudio/Dev63/Library/PackageCache/com.unity.modules.uielements)
    com.unity.modules.hierarchycore@1.0.0 (location: /media/crynet/DATA/GAMEDEV/HierarchyColorStudio/Dev63/Library/PackageCache/com.unity.modules.hierarchycore)
    com.unity.modules.physics@1.0.0 (location: /media/crynet/DATA/GAMEDEV/HierarchyColorStudio/Dev63/Library/PackageCache/com.unity.modules.physics)
    com.unity.ext.nunit@2.0.5 (location: /media/crynet/DATA/GAMEDEV/HierarchyColorStudio/Dev63/Library/PackageCache/com.unity.ext.nunit@ec2d0043d6fc)
[Subsystems] No new subsystems found in resolved package list.
[Package Manager] Done registering packages in 0.00 seconds
[Assembly Updater] warning: Ignoring assembly Packages/com.unity.ext.nunit/net40/unity-custom/nunit.framework.dll as requested by command line parameter.
Assembly Updater Post Process Assets time: 0.000044s
[ScriptCompilation] Requested script compilation because: Assembly Definition File(s) changed
[ScriptCompilation] Requested script compilation because: Assetdatabase observed changes in script compilation related files
[40m[32minfo[39m[22m[49m: Microsoft.Hosting.Lifetime[14]
      Now listening on: http://unix:/tmp/ilpp.sock-d608893c545d8de9bf4f3f996956b916
[40m[32minfo[39m[22m[49m: Microsoft.Hosting.Lifetime[0]
      Application started. Press Ctrl+C to shut down.
[40m[32minfo[39m[22m[49m: Microsoft.Hosting.Lifetime[0]
      Hosting environment: Production
[40m[32minfo[39m[22m[49m: Microsoft.Hosting.Lifetime[0]
      Content root path: /media/crynet/DATA/GAMEDEV/HierarchyColorStudio/Dev63/
[40m[32minfo[39m[22m[49m: Microsoft.AspNetCore.Hosting.Diagnostics[1]
      Request starting HTTP/2 POST http://ilpp/UnityILPP.PostProcessing/Ping application/grpc -
[40m[32minfo[39m[22m[49m: Microsoft.AspNetCore.Routing.EndpointMiddleware[0]
      Executing endpoint 'gRPC - /UnityILPP.PostProcessing/Ping'
[40m[32minfo[39m[22m[49m: Microsoft.AspNetCore.Routing.EndpointMiddleware[1]
      Executed endpoint 'gRPC - /UnityILPP.PostProcessing/Ping'
[40m[32minfo[39m[22m[49m: Microsoft.AspNetCore.Hosting.Diagnostics[2]
      Request finished HTTP/2 POST http://ilpp/UnityILPP.PostProcessing/Ping application/grpc - - 200 - application/grpc 38.5808ms
Starting: /media/crynet/DATA/GAMEDEV/Unity/6000.3.6f1/Editor/Data/Tools/BuildPipeline/bee_backend --ipc --defer-dag-verification --dagfile="Library/Bee/2400b0aEDbg.dag" --continue-on-failure --profile="Library/Bee/backend1.traceevents" ScriptAssemblies
WorkingDir: /media/crynet/DATA/GAMEDEV/HierarchyColorStudio/Dev63
ExitCode: 4 Duration: 0s33ms
[             ] Require frontend run.  Library/Bee/2400b0aEDbg.dag couldn't be loaded
DisplayProgressbar: Compiling Scripts
Starting: /media/crynet/DATA/GAMEDEV/Unity/6000.3.6f1/Editor/Data/netcorerun/netcorerun "/media/crynet/DATA/GAMEDEV/Unity/6000.3.6f1/Editor/Data/Tools/BuildPipeline/ScriptCompilationBuildProgram.exe" "Library/Bee/2400b0aEDbg.dag.json" "Library/Bee/2400b0aEDbg-inputdata.json" "Library/Bee/buildprogram0.traceevents"
WorkingDir: /media/crynet/DATA/GAMEDEV/HierarchyColorStudio/Dev63
ExitCode: 0 Duration: 0s377ms
Starting: /media/crynet/DATA/GAMEDEV/Unity/6000.3.6f1/Editor/Data/Tools/BuildPipeline/bee_backend --ipc --defer-dag-verification --dagfile="Library/Bee/2400b0aEDbg.dag" --continue-on-failure --dagfilejson="Library/Bee/2400b0aEDbg.dag.json" --profile="Library/Bee/backend2.traceevents" ScriptAssemblies
WorkingDir: /media/crynet/DATA/GAMEDEV/HierarchyColorStudio/Dev63
ExitCode: 0 Duration: 3s999ms
Finished compiling graph: 169 nodes, 749 flattened edges (727 ToBuild, 6 ToUse), maximum node priority 37
[  1/166    0s] MovedFromExtractor Library/Bee/artifacts/mvdfrm/UnityEditor.dll_9F8FEF49945311E9.mvfrm
[  2/166    0s] MovedFromExtractor Library/Bee/artifacts/mvdfrm/UnityEditor.UIBuilderModule.dll_36D5A4FD6F329D4E.mvfrm
[  3/166    0s] MovedFromExtractor Library/Bee/artifacts/mvdfrm/UnityEditor.XRModule.dll_3EA9747247D80177.mvfrm
[  4/166    0s] MovedFromExtractor Library/Bee/artifacts/mvdfrm/UnityEditor.VideoModule.dll_C331BF3D0BD914B2.mvfrm
[  5/166    0s] MovedFromExtractor Library/Bee/artifacts/mvdfrm/UnityEditor.UIElementsSamplesModule.dll_B42E2C9B7CA40045.mvfrm
[  6/166    0s] MovedFromExtractor Library/Bee/artifacts/mvdfrm/UnityEditor.UIElementsModule.dll_EDC9041F05C713A8.mvfrm
[  7/166    0s] MovedFromExtractor Library/Bee/artifacts/mvdfrm/UnityEditor.UmbraModule.dll_18FCE6EAD66DA480.mvfrm
[  8/166    0s] MovedFromExtractor Library/Bee/artifacts/mvdfrm/UnityEditor.UnityConnectModule.dll_510C69A945C778A2.mvfrm
[  9/166    0s] MovedFromExtractor Library/Bee/artifacts/mvdfrm/UnityEngine.ClusterInputModule.dll_D0A8DEBEF74F4B68.mvfrm
[ 10/166    0s] MovedFromExtractor Library/Bee/artifacts/mvdfrm/UnityEditor.VFXModule.dll_7EBB2EFC55DBA23F.mvfrm
[ 11/166    0s] MovedFromExtractor Library/Bee/artifacts/mvdfrm/UnityEditor.AccessibilityModule.dll_E6BD3F8E7A9E4D75.mvfrm
[ 12/166    0s] MovedFromExtractor Library/Bee/artifacts/mvdfrm/UnityEditor.VectorGraphicsModule.dll_93F347E5BCB514DB.mvfrm
[ 13/166    0s] MovedFromExtractor Library/Bee/artifacts/mvdfrm/UnityEditor.TreeModule.dll_3AE3F1B867EA692B.mvfrm
[ 14/166    0s] MovedFromExtractor Library/Bee/artifacts/mvdfrm/UnityEditor.TilemapModule.dll_21B86B06A7BE2175.mvfrm
[ 15/166    0s] MovedFromExtractor Library/Bee/artifacts/mvdfrm/UnityEditor.UIAutomationModule.dll_06734B23BD575C48.mvfrm
[ 16/166    0s] MovedFromExtractor Library/Bee/artifacts/mvdfrm/UnityEditor.TextCoreTextEngineModule.dll_F29F25333EAF0508.mvfrm
[ 17/166    0s] MovedFromExtractor Library/Bee/artifacts/mvdfrm/UnityEditor.TextRenderingModule.dll_89FBE85A457D5A56.mvfrm
[ 18/166    0s] MovedFromExtractor Library/Bee/artifacts/mvdfrm/UnityEngine.JSONSerializeModule.dll_D315BAF1F2D23124.mvfrm
[ 19/166    0s] MovedFromExtractor Library/Bee/artifacts/mvdfrm/UnityEngine.InputForUIModule.dll_991191267548102B.mvfrm
[ 20/166    0s] MovedFromExtractor Library/Bee/artifacts/mvdfrm/UnityEngine.InputLegacyModule.dll_B4715DB375015DDF.mvfrm
[ 21/166    0s] MovedFromExtractor Library/Bee/artifacts/mvdfrm/UnityEngine.InputModule.dll_CACABEE6F0FC4E56.mvfrm
[ 22/166    0s] MovedFromExtractor Library/Bee/artifacts/mvdfrm/UnityEngine.MarshallingModule.dll_CB94E129C137D540.mvfrm
[ 23/166    0s] MovedFromExtractor Library/Bee/artifacts/mvdfrm/UnityEngine.LocalizationModule.dll_0EF5A9118ECB3E61.mvfrm
[ 24/166    0s] MovedFromExtractor Library/Bee/artifacts/mvdfrm/UnityEditor.UIToolkitAuthoringModule.dll_DE0D834ECDB1CFAA.mvfrm
[ 25/166    0s] MovedFromExtractor Library/Bee/artifacts/mvdfrm/UnityEngine.HierarchyCoreModule.dll_EA18CE9062442990.mvfrm
[ 26/166    0s] MovedFromExtractor Library/Bee/artifacts/mvdfrm/UnityEngine.ClusterRendererModule.dll_4C2F7C62C2EEBF19.mvfrm
[ 27/166    0s] MovedFromExtractor Library/Bee/artifacts/mvdfrm/UnityEngine.GraphicsStateCollectionSerializerModule.dll_6549259E81630342.mvfrm
[ 28/166    0s] MovedFromExtractor Library/Bee/artifacts/mvdfrm/UnityEngine.IMGUIModule.dll_9CB4969D40F5BD93.mvfrm
[ 29/166    0s] MovedFromExtractor Library/Bee/artifacts/mvdfrm/UnityEngine.IdentifiersModule.dll_FBB5CA8A9F887606.mvfrm
[ 30/166    0s] MovedFromExtractor Library/Bee/artifacts/mvdfrm/UnityEngine.GridModule.dll_DDC9EBEAA07ED50E.mvfrm
[ 31/166    0s] MovedFromExtractor Library/Bee/artifacts/mvdfrm/UnityEngine.GameCenterModule.dll_965F370D1527736F.mvfrm
[ 32/166    0s] MovedFromExtractor Library/Bee/artifacts/mvdfrm/UnityEngine.GIModule.dll_944FC757C7C844DA.mvfrm
[ 33/166    0s] MovedFromExtractor Library/Bee/artifacts/mvdfrm/UnityEngine.DSPGraphModule.dll_8A1810BB6D22EC15.mvfrm
[ 34/166    0s] MovedFromExtractor Library/Bee/artifacts/mvdfrm/UnityEngine.CrashReportingModule.dll_64BE29FFD889A70F.mvfrm
[ 35/166    0s] MovedFromExtractor Library/Bee/artifacts/mvdfrm/UnityEngine.CoreModule.dll_0058CFFC882A3F17.mvfrm
[ 36/166    0s] MovedFromExtractor Library/Bee/artifacts/mvdfrm/UnityEngine.ContentLoadModule.dll_BC429BD5AB924FDB.mvfrm
[ 37/166    0s] MovedFromExtractor Library/Bee/artifacts/mvdfrm/UnityEditor.InAppPurchasingModule.dll_7CB7C506FB5C16C1.mvfrm
[ 38/166    0s] MovedFromExtractor Library/Bee/artifacts/mvdfrm/UnityEngine.HotReloadModule.dll_321B320FB20A1442.mvfrm
[ 39/166    0s] MovedFromExtractor Library/Bee/artifacts/mvdfrm/UnityEditor.LevelPlayModule.dll_81A27FD122EC2B5F.mvfrm
[ 40/166    0s] MovedFromExtractor Library/Bee/artifacts/mvdfrm/UnityEditor.HierarchyModule.dll_CFC0FEBCBA5962DC.mvfrm
[ 41/166    0s] MovedFromExtractor Library/Bee/artifacts/mvdfrm/UnityEditor.GridModule.dll_BAA91897F87969E3.mvfrm
[ 42/166    0s] MovedFromExtractor Library/Bee/artifacts/mvdfrm/UnityEditor.GridAndSnapModule.dll_5DEC7517A536B392.mvfrm
[ 43/166    0s] MovedFromExtractor Library/Bee/artifacts/mvdfrm/UnityEditor.GIModule.dll_55E135C85C4B110F.mvfrm
[ 44/166    0s] MovedFromExtractor Library/Bee/artifacts/mvdfrm/UnityEditor.GraphViewModule.dll_E24CF7E0FC7A241A.mvfrm
[ 45/166    0s] MovedFromExtractor Library/Bee/artifacts/mvdfrm/UnityEditor.GraphicsStateCollectionSerializerModule.dll_5C5558AEB463B9DD.mvfrm
[ 46/166    0s] MovedFromExtractor Library/Bee/artifacts/mvdfrm/UnityEditor.EditorToolbarModule.dll_1CB95560F433FEC5.mvfrm
[ 47/166    0s] MovedFromExtractor Library/Bee/artifacts/mvdfrm/UnityEditor.TextCoreFontEngineModule.dll_AAB6EEC1AF2B4BEA.mvfrm
[ 48/166    0s] MovedFromExtractor Library/Bee/artifacts/mvdfrm/UnityEditor.DiagnosticsModule.dll_54338E9621D1F6A3.mvfrm
[ 49/166    0s] MovedFromExtractor Library/Bee/artifacts/mvdfrm/UnityEditor.DeviceSimulatorModule.dll_4682B9F15333B195.mvfrm
[ 50/166    0s] MovedFromExtractor Library/Bee/artifacts/mvdfrm/UnityEditor.CoreBusinessMetricsModule.dll_3B9EC027CAA4691B.mvfrm
[ 51/166    0s] MovedFromExtractor Library/Bee/artifacts/mvdfrm/UnityEditor.ClothModule.dll_051097CD2363D7F1.mvfrm
[ 52/166    0s] MovedFromExtractor Library/Bee/artifacts/mvdfrm/UnityEditor.BuildProfileModule.dll_55D25C3320E39388.mvfrm
[ 53/166    0s] MovedFromExtractor Library/Bee/artifacts/mvdfrm/UnityEditor.CoreModule.dll_DD37FCA9E024D3EC.mvfrm
[ 54/166    0s] MovedFromExtractor Library/Bee/artifacts/mvdfrm/UnityEditor.AssetComplianceModule.dll_7F5DC9DFCDEF95C2.mvfrm
[ 55/166    0s] MovedFromExtractor Library/Bee/artifacts/mvdfrm/UnityEditor.AdaptivePerformanceModule.dll_BBB3C6ADA45D3A21.mvfrm
[ 56/166    0s] MovedFromExtractor Library/Bee/artifacts/mvdfrm/UnityEditor.EmbreeModule.dll_C217AA1F311431B5.mvfrm
[ 57/166    0s] MovedFromExtractor Library/Bee/artifacts/mvdfrm/UnityEditor.TerrainModule.dll_82BC03859001406C.mvfrm
[ 58/166    0s] MovedFromExtractor Library/Bee/artifacts/mvdfrm/UnityEditor.SketchUpModule.dll_71C4D221C228DF84.mvfrm
[ 59/166    0s] MovedFromExtractor Library/Bee/artifacts/mvdfrm/UnityEditor.SpriteShapeModule.dll_36C7A0608077CF73.mvfrm
[ 60/166    0s] MovedFromExtractor Library/Bee/artifacts/mvdfrm/UnityEditor.SubstanceModule.dll_8C2C84BA8C31FC27.mvfrm
[ 61/166    0s] MovedFromExtractor Library/Bee/artifacts/mvdfrm/UnityEditor.SpriteMaskModule.dll_7EDD3C553452EF9E.mvfrm
[ 62/166    0s] MovedFromExtractor Library/Bee/artifacts/mvdfrm/UnityEditor.ShaderFoundryModule.dll_7F38966215D0258B.mvfrm
[ 63/166    0s] MovedFromExtractor Library/Bee/artifacts/mvdfrm/UnityEditor.ShaderCompilationModule.dll_BFFC8F135FA7F515.mvfrm
[ 64/166    0s] MovedFromExtractor Library/Bee/artifacts/mvdfrm/UnityEditor.ShaderBuildSettingsModule.dll_C3DA0D56775C6B63.mvfrm
[ 65/166    0s] MovedFromExtractor Library/Bee/artifacts/mvdfrm/UnityEditor.SceneTemplateModule.dll_4058C61EF320A8FD.mvfrm
[ 66/166    0s] WriteText Library/Bee/artifacts/2400b0aEDbg.dag/UnityEngine.TestRunner.rsp2
[ 67/166    0s] WriteText Library/Bee/artifacts/2400b0aEDbg.dag/UnityEngine.TestRunner.UnityAdditionalFile.txt
[ 68/166    0s] MovedFromExtractor Library/Bee/artifacts/mvdfrm/UnityEditor.MediaModule.dll_69E85463C793819B.mvfrm
[ 69/166    0s] MovedFromExtractor Library/Bee/artifacts/mvdfrm/UnityEditor.QuickSearchModule.dll_DF430FA37AA8F2FC.mvfrm
[ 70/166    0s] MovedFromExtractor Library/Bee/artifacts/mvdfrm/UnityEditor.SafeModeModule.dll_89AFECD176F7436D.mvfrm
[ 71/166    0s] MovedFromExtractor Library/Bee/artifacts/mvdfrm/UnityEditor.PresetsUIModule.dll_9DB330C2FED27C1F.mvfrm
[ 72/166    0s] MovedFromExtractor Library/Bee/artifacts/mvdfrm/UnityEditor.Physics2DModule.dll_4792731192543E70.mvfrm
[ 73/166    0s] MovedFromExtractor Library/Bee/artifacts/mvdfrm/UnityEditor.PhysicsModule.dll_68758816BA42F77E.mvfrm
[ 74/166    0s] MovedFromExtractor Library/Bee/artifacts/mvdfrm/UnityEditor.MultiplayerModule.dll_9D0E8F92839D24E1.mvfrm
[ 75/166    0s] MovedFromExtractor Library/Bee/artifacts/mvdfrm/UnityEngine.MultiplayerModule.dll_A2D45F2195D73566.mvfrm
[ 76/166    0s] MovedFromExtractor Library/Bee/artifacts/mvdfrm/UnityEditor.PlayModeModule.dll_CFA3DE8B15C052D4.mvfrm
[ 77/166    0s] MovedFromExtractor Library/Bee/artifacts/mvdfrm/UnityEditor.SceneViewModule.dll_20FCDAE8F19CF128.mvfrm
[ 78/166    0s] MovedFromExtractor Library/Bee/artifacts/mvdfrm/UnityEditor.PropertiesModule.dll_C2EC090385CEBE60.mvfrm
[ 79/166    0s] MovedFromExtractor Library/Bee/artifacts/mvdfrm/UnityEngine.VFXModule.dll_8ADCD14FC58BB044.mvfrm
[ 80/166    0s] MovedFromExtractor Library/Bee/artifacts/mvdfrm/UnityEngine.dll_D2343621F2C69ECE.mvfrm
[ 81/166    0s] MovedFromExtractor Library/Bee/artifacts/mvdfrm/UnityEngine.UnityConsentModule.dll_101184E44D5A0F9D.mvfrm
[ 82/166    0s] MovedFromExtractor Library/Bee/artifacts/mvdfrm/UnityEngine.UnityCurlModule.dll_E3EF153B46EAEAAD.mvfrm
[ 83/166    0s] MovedFromExtractor Library/Bee/artifacts/mvdfrm/UnityEngine.VirtualTexturingModule.dll_B27011E3334402F5.mvfrm
[ 84/166    0s] MovedFromExtractor Library/Bee/artifacts/mvdfrm/UnityEngine.UIModule.dll_F7871C778860626C.mvfrm
[ 85/166    0s] MovedFromExtractor Library/Bee/artifacts/mvdfrm/UnityEngine.UnityAnalyticsCommonModule.dll_039C223C9A714934.mvfrm
[ 86/166    0s] MovedFromExtractor Library/Bee/artifacts/mvdfrm/UnityEngine.TextRenderingModule.dll_163CDA81BE75DD7B.mvfrm
[ 87/166    0s] MovedFromExtractor Library/Bee/artifacts/mvdfrm/UnityEngine.UnityConnectModule.dll_3E6BEDB8404F794D.mvfrm
[ 88/166    0s] MovedFromExtractor Library/Bee/artifacts/mvdfrm/UnityEngine.TextCoreFontEngineModule.dll_29166A14C2290AB5.mvfrm
[ 89/166    0s] MovedFromExtractor Library/Bee/artifacts/mvdfrm/UnityEngine.TextCoreTextEngineModule.dll_70FEA08651ACC3D3.mvfrm
[ 90/166    0s] MovedFromExtractor Library/Bee/artifacts/mvdfrm/UnityEngine.UIElementsModule.dll_EE777167080B2CF3.mvfrm
[ 91/166    0s] MovedFromExtractor Library/Bee/artifacts/mvdfrm/UnityEngine.TLSModule.dll_09FE38E0EF1E46D7.mvfrm
[ 92/166    0s] MovedFromExtractor Library/Bee/artifacts/mvdfrm/UnityEngine.SpriteShapeModule.dll_3C8D6FEF92B1DFF8.mvfrm
[ 93/166    0s] MovedFromExtractor Library/Bee/artifacts/mvdfrm/UnityEngine.SharedInternalsModule.dll_3C32B8E8BC41725D.mvfrm
[ 94/166    0s] WriteText Library/Bee/artifacts/2400b0aEDbg.dag/UnityEngine.TestRunner.dll.mvfrm.rsp
[ 95/166    0s] WriteText Library/Bee/artifacts/2400b0aEDbg.dag/UnityEngine.TestRunner.rsp
[ 96/166    0s] MovedFromExtractor Library/Bee/artifacts/mvdfrm/UnityEngine.ShaderRuntimeModule.dll_02D5DAE4439A3B0F.mvfrm
[ 97/166    0s] MovedFromExtractor Library/Bee/artifacts/mvdfrm/UnityEngine.ShaderVariantAnalyticsModule.dll_7ACB94411A45607E.mvfrm
[ 98/166    0s] MovedFromExtractor Library/Bee/artifacts/mvdfrm/UnityEngine.StreamingModule.dll_6567615A265EAFFE.mvfrm
[ 99/166    0s] MovedFromExtractor Library/Bee/artifacts/mvdfrm/UnityEngine.SubstanceModule.dll_421275A371B1AE0C.mvfrm
[100/166    0s] MovedFromExtractor Library/Bee/artifacts/mvdfrm/UnityEngine.SpriteMaskModule.dll_7F8BA99D369708E9.mvfrm
[101/166    0s] MovedFromExtractor Library/Bee/artifacts/mvdfrm/UnityEngine.RuntimeInitializeOnLoadManagerInitializerModule.dll_FFC49B530ED58B1E.mvfrm
[102/166    0s] MovedFromExtractor Library/Bee/artifacts/mvdfrm/UnityEngine.PropertiesModule.dll_C39A764B8812D7AB.mvfrm
[103/166    0s] MovedFromExtractor Library/Bee/artifacts/mvdfrm/UnityEngine.RenderAs2DModule.dll_04D238D1676D21E2.mvfrm
[104/166    0s] MovedFromExtractor Library/Bee/artifacts/mvdfrm/UnityEngine.PhysicsModule.dll_5AF040C11F51DEC3.mvfrm
[105/166    0s] MovedFromExtractor Library/Bee/artifacts/mvdfrm/UnityEngine.PerformanceReportingModule.dll_685D64F88088AAD6.mvfrm
[106/166    0s] MovedFromExtractor Library/Bee/artifacts/mvdfrm/UnityEngine.PhysicsBackendPhysXModule.dll_565742F0C25ECFE5.mvfrm
[107/166    0s] MovedFromExtractor Library/Bee/artifacts/mvdfrm/UnityEngine.VRModule.dll_4A5942FD2A1AE7E4.mvfrm
[108/166    0s] MovedFromExtractor Library/Bee/artifacts/mvdfrm/UnityEngine.TilemapModule.dll_143323B10CCD08BA.mvfrm
[109/166    0s] MovedFromExtractor Library/Bee/artifacts/mvdfrm/UnityEngine.UmbraModule.dll_DF29A34F07EAD525.mvfrm
[110/166    0s] MovedFromExtractor Library/Bee/artifacts/mvdfrm/UnityEngine.UnityWebRequestAudioModule.dll_E059B8D706F3756E.mvfrm
[111/166    0s] MovedFromExtractor Library/Bee/artifacts/mvdfrm/UnityEngine.UnityWebRequestModule.dll_C9C081BD5008118C.mvfrm
[112/166    0s] MovedFromExtractor Library/Bee/artifacts/mvdfrm/UnityEngine.UnityAnalyticsModule.dll_D76FE415F2C28499.mvfrm
[113/166    0s] MovedFromExtractor Library/Bee/artifacts/mvdfrm/UnityEngine.UnityWebRequestAssetBundleModule.dll_C21991221C62F22A.mvfrm
[114/166    0s] MovedFromExtractor Library/Bee/artifacts/mvdfrm/UnityEngine.UnityWebRequestTextureModule.dll_BA1176906E792503.mvfrm
[115/166    0s] MovedFromExtractor Library/Bee/artifacts/mvdfrm/UnityEngine.UnityWebRequestWWWModule.dll_3BC0E5E2416C803F.mvfrm
[116/166    0s] MovedFromExtractor-Combine Library/Bee/artifacts/2400b0aEDbg.dag/UnityEngine.TestRunner.dll.mvfrm
[117/166    0s] MovedFromExtractor Library/Bee/artifacts/mvdfrm/UnityEngine.SubsystemsModule.dll_EA390FFF04DEF0FC.mvfrm
[118/166    0s] MovedFromExtractor Library/Bee/artifacts/mvdfrm/UnityEngine.VectorGraphicsModule.dll_4F17A980D8A1A8E6.mvfrm
[119/166    0s] MovedFromExtractor Library/Bee/artifacts/mvdfrm/UnityEngine.ScreenCaptureModule.dll_ECFD6877073E5D86.mvfrm
[120/166    0s] MovedFromExtractor Library/Bee/artifacts/mvdfrm/UnityEngine.TerrainModule.dll_7536BC2FF51027B1.mvfrm
[121/166    0s] MovedFromExtractor Library/Bee/artifacts/mvdfrm/UnityEngine.HierarchyModule.dll_85A6EFA59FD914C1.mvfrm
[122/166    0s] MovedFromExtractor Library/Bee/artifacts/mvdfrm/UnityEngine.Physics2DModule.dll_FD7863FA77D3F055.mvfrm
[123/166    0s] MovedFromExtractor Library/Bee/artifacts/mvdfrm/UnityEngine.AnimationModule.dll_B0D27409D6D6F8C0.mvfrm
[124/166    0s] MovedFromExtractor Library/Bee/artifacts/mvdfrm/UnityEngine.ParticleSystemModule.dll_B7D0734C469B329D.mvfrm
[125/166    0s] MovedFromExtractor Library/Bee/artifacts/mvdfrm/UnityEngine.InsightsModule.dll_1E8D77E2853F6A73.mvfrm
[126/166    0s] WriteText Library/Bee/artifacts/2400b0aEDbg.dag/UnityEditor.TestRunner.UnityAdditionalFile.txt
[127/166    0s] MovedFromExtractor Library/Bee/artifacts/mvdfrm/UnityEngine.NVIDIAModule.dll_1A28C2068EB14C63.mvfrm
[128/166    0s] MovedFromExtractor Library/Bee/artifacts/mvdfrm/UnityEngine.ImageConversionModule.dll_B8217A134513770D.mvfrm
[129/166    0s] MovedFromExtractor Library/Bee/artifacts/mvdfrm/UnityEngine.AccessibilityModule.dll_72FE31B5F396D09A.mvfrm
[130/166    0s] MovedFromExtractor Library/Bee/artifacts/mvdfrm/UnityEngine.AudioModule.dll_6454F7367AC429B2.mvfrm
[131/166    0s] MovedFromExtractor Library/Bee/artifacts/mvdfrm/UnityEngine.ARModule.dll_B586434D8936BB89.mvfrm
[132/166    0s] MovedFromExtractor Library/Bee/artifacts/mvdfrm/UnityEngine.AMDModule.dll_0B6E757BC7EDCB84.mvfrm
[133/166    0s] MovedFromExtractor Library/Bee/artifacts/mvdfrm/UnityEditor.Graphs.dll_105F1CAF3F94721E.mvfrm
[134/166    0s] MovedFromExtractor Library/Bee/artifacts/mvdfrm/UnityEngine.AIModule.dll_FC137E4A2C195CC0.mvfrm
[135/166    0s] MovedFromExtractor Library/Bee/artifacts/mvdfrm/UnityEngine.TerrainPhysicsModule.dll_B84B1C1F5FDE2D2A.mvfrm
[136/166    0s] WriteText Library/Bee/artifacts/2400b0aEDbg.dag/UnityEditor.TestRunner.rsp2
[137/166    0s] WriteText Library/Bee/artifacts/2400b0aEDbg.dag/UnityEditor.TestRunner.dll.mvfrm.rsp
[138/166    0s] WriteText Library/Bee/artifacts/2400b0aEDbg.dag/UnityEditor.TestRunner.rsp
[139/166    0s] WriteText Library/Bee/artifacts/2400b0aEDbg.dag/CryNet.HierarchyColorStudio.Editor.UnityAdditionalFile.txt
[140/166    0s] WriteText Library/Bee/artifacts/2400b0aEDbg.dag/CryNet.HierarchyColorStudio.Editor.rsp2
[141/166    0s] WriteText Library/Bee/artifacts/2400b0aEDbg.dag/CryNet.HierarchyColorStudio.Editor.dll.mvfrm.rsp
[142/166    0s] WriteText Library/Bee/artifacts/2400b0aEDbg.dag/CryNet.HierarchyColorStudio.Editor.rsp
[143/166    0s] MovedFromExtractor Library/Bee/artifacts/mvdfrm/UnityEngine.WindModule.dll_76A7AB251960BD80.mvfrm
[144/166    0s] MovedFromExtractor Library/Bee/artifacts/mvdfrm/UnityEngine.VideoModule.dll_895E7BA13D564557.mvfrm
[145/166    0s] MovedFromExtractor Library/Bee/artifacts/mvdfrm/UnityEngine.XRModule.dll_7D180601B3553542.mvfrm
[146/166    0s] MovedFromExtractor Library/Bee/artifacts/mvdfrm/UnityEditor.LinuxStandalone.Extensions.dll_04C5B5CDAA9074A4.mvfrm
[147/166    0s] MovedFromExtractor Library/Bee/artifacts/mvdfrm/UnityEngine.VehiclesModule.dll_FC89A8D174EBEA8F.mvfrm
[148/166    0s] MovedFromExtractor Library/Bee/artifacts/mvdfrm/UnityEngine.AdaptivePerformanceModule.dll_7C435B63DFA28D26.mvfrm
[149/166    0s] MovedFromExtractor Library/Bee/artifacts/mvdfrm/UnityEngine.DirectorModule.dll_84C6AF51FAC21AF4.mvfrm
[150/166    0s] MovedFromExtractor Library/Bee/artifacts/mvdfrm/UnityEngine.AndroidJNIModule.dll_6C11ECF24EE6827E.mvfrm
[151/166    0s] MovedFromExtractor Library/Bee/artifacts/mvdfrm/UnityEngine.ClothModule.dll_CB3D543154E10896.mvfrm
[152/166    0s] MovedFromExtractor Library/Bee/artifacts/mvdfrm/UnityEngine.AssetBundleModule.dll_232C4294DD0FA7EE.mvfrm
[153/166    2s] Csc Library/Bee/artifacts/2400b0aEDbg.dag/UnityEngine.TestRunner.dll (+2 others)
[           0s] Csc Library/Bee/artifacts/2400b0aEDbg.dag/UnityEngine.TestRunner.dll (+2 others) [CacheWrite 00000000000000000000000000000005]
[154/166    0s] CopyFiles Library/ScriptAssemblies/UnityEngine.TestRunner.pdb
[155/166    0s] CopyFiles Library/ScriptAssemblies/UnityEngine.TestRunner.dll
[156/166    0s] MovedFromExtractor Library/Bee/artifacts/mvdfrm/UnityEngine.TestRunner.ref.dll_14178E56E8AE09F1.mvfrm
[157/166    0s] MovedFromExtractor-Combine Library/Bee/artifacts/2400b0aEDbg.dag/UnityEditor.TestRunner.dll.mvfrm
[158/166    0s] Csc Library/Bee/artifacts/2400b0aEDbg.dag/UnityEditor.TestRunner.dll (+2 others)
[           0s] Csc Library/Bee/artifacts/2400b0aEDbg.dag/UnityEditor.TestRunner.dll (+2 others) [CacheWrite 00000000000000000000000000000005]
[159/166    0s] CopyFiles Library/ScriptAssemblies/UnityEditor.TestRunner.pdb
[160/166    0s] CopyFiles Library/ScriptAssemblies/UnityEditor.TestRunner.dll
[161/166    0s] MovedFromExtractor Library/Bee/artifacts/mvdfrm/UnityEditor.TestRunner.ref.dll_47F943A8BCEAAC06.mvfrm
[162/166    0s] MovedFromExtractor-Combine Library/Bee/artifacts/2400b0aEDbg.dag/CryNet.HierarchyColorStudio.Editor.dll.mvfrm
[163/166    0s] Csc Library/Bee/artifacts/2400b0aEDbg.dag/CryNet.HierarchyColorStudio.Editor.dll (+2 others)
Assets/HierarchyColorStudio/Editor/Core/RowId.cs(130,30): warning CS0618: 'EditorUtility.InstanceIDToObject(int)' is obsolete: 'InstanceIDToObject(int) is obsolete. Use EditorUtility.EntityIdToObject instead.'
Assets/HierarchyColorStudio/Editor/Core/RowId.cs(160,13): warning CS0618: 'GlobalObjectId.GlobalObjectIdentifiersToInstanceIDsSlow(GlobalObjectId[], int[])' is obsolete: 'GlobalObjectIdentifiersToInstanceIDsSlow is obsolete. Use GlobalObjectIdentifiersToEntityIdsSlow instead.'
Assets/HierarchyColorStudio/Editor/Core/RowId.cs(168,26): warning CS0618: 'Selection.instanceIDs' is obsolete: 'Use entityIds instead.'
[164/166    0s] CopyFiles Library/ScriptAssemblies/CryNet.HierarchyColorStudio.Editor.pdb
[165/166    0s] CopyFiles Library/ScriptAssemblies/CryNet.HierarchyColorStudio.Editor.dll
*** Tundra build success (3.98 seconds), 165 items updated, 166 evaluated
Assets/HierarchyColorStudio/Editor/Core/RowId.cs(130,30): warning CS0618: 'EditorUtility.InstanceIDToObject(int)' is obsolete: 'InstanceIDToObject(int) is obsolete. Use EditorUtility.EntityIdToObject instead.'
Assets/HierarchyColorStudio/Editor/Core/RowId.cs(160,13): warning CS0618: 'GlobalObjectId.GlobalObjectIdentifiersToInstanceIDsSlow(GlobalObjectId[], int[])' is obsolete: 'GlobalObjectIdentifiersToInstanceIDsSlow is obsolete. Use GlobalObjectIdentifiersToEntityIdsSlow instead.'
Assets/HierarchyColorStudio/Editor/Core/RowId.cs(168,26): warning CS0618: 'Selection.instanceIDs' is obsolete: 'Use entityIds instead.'
AssetDatabase: script compilation time: 4.902396s
Begin MonoManager ReloadAssembly
- Loaded All Assemblies, in  0.425 seconds
Start importing Assets using Guid(00000000000000001000000000000000) (DefaultImporter) -> (artifact id: '4b55c7cb15071bfc086d0e52a7664a41') in 0.016118912 seconds
Start importing ProjectSettings/InputManager.asset using Guid(00000000000000002000000000000000) (LibraryAssetImporter) -> (artifact id: '3d278bdfa729973ecf92c670ca181c88') in 0.00089112 seconds
Start importing ProjectSettings/TagManager.asset using Guid(00000000000000003000000000000000) (LibraryAssetImporter) -> (artifact id: '4aa03ef27a83f311e598313a3ec2fbc3') in 0.00052662 seconds
Start importing ProjectSettings/ProjectSettings.asset using Guid(00000000000000004000000000000000) (LibraryAssetImporter) -> (artifact id: '10843eea6d928a39b49df42070521559') in 0.001137521 seconds
Start importing ProjectSettings/AudioManager.asset using Guid(00000000000000006000000000000000) (LibraryAssetImporter) -> (artifact id: '7bb8de31f311db17f0fefe3abfd595f1') in 0.00046462 seconds
Start importing ProjectSettings/TimeManager.asset using Guid(00000000000000007000000000000000) (LibraryAssetImporter) -> (artifact id: '52c307e924e96ceef905bcc2cea85a00') in 0.000451101 seconds
Start importing ProjectSettings/DynamicsManager.asset using Guid(00000000000000008000000000000000) (LibraryAssetImporter) -> (artifact id: 'f1c589686d5159da9fda2e6a3bbb611a') in 0.00046763 seconds
Start importing ProjectSettings/QualitySettings.asset using Guid(00000000000000009000000000000000) (LibraryAssetImporter) -> (artifact id: '3d22d777d340243128ed3ffa349fb55a') in 0.00054329 seconds
Start importing ProjectSettings/EditorBuildSettings.asset using Guid(0000000000000000b000000000000000) (LibraryAssetImporter) -> (artifact id: '1923232d45cb936aef47cec131f33975') in 0.000453761 seconds
Start importing ProjectSettings/EditorSettings.asset using Guid(0000000000000000c000000000000000) (LibraryAssetImporter) -> (artifact id: '88a81b0cd41f2e6791b296dbea0c2761') in 0.00045103 seconds
Start importing ProjectSettings/NavMeshAreas.asset using Guid(00000000000000004100000000000000) (LibraryAssetImporter) -> (artifact id: '4ba0a6bb5cc18b1619eb3b3f4ce570d1') in 0.00046741 seconds
Start importing ProjectSettings/Physics2DSettings.asset using Guid(00000000000000005100000000000000) (LibraryAssetImporter) -> (artifact id: 'bb8ce7f5b2d944741959db20200075a7') in 0.000462091 seconds
Start importing ProjectSettings/GraphicsSettings.asset using Guid(00000000000000006100000000000000) (LibraryAssetImporter) -> (artifact id: 'b7a369a9c0780e3bb2635b3b3f88ffe1') in 0.00048683 seconds
Start importing ProjectSettings/ClusterInputManager.asset using Guid(00000000000000007100000000000000) (LibraryAssetImporter) -> (artifact id: '5a028a71a6163b7bc9a46219c48662ec') in 0.00044234 seconds
Start importing ProjectSettings/UnityConnectSettings.asset using Guid(0000000000000000a100000000000000) (LibraryAssetImporter) -> (artifact id: '5a6e69f8200d884ded3f19f546ea756a') in 0.000623801 seconds
Start importing ProjectSettings/PresetManager.asset using Guid(0000000000000000b100000000000000) (LibraryAssetImporter) -> (artifact id: '669bd2cb5cdf99ef516d1350fa42393e') in 0.00059111 seconds
Start importing ProjectSettings/VFXManager.asset using Guid(0000000000000000c100000000000000) (LibraryAssetImporter) -> (artifact id: 'dd6732d958402095937fd19a0cecb735') in 0.000601011 seconds
Start importing ProjectSettings/VersionControlSettings.asset using Guid(0000000000000000d100000000000000) (LibraryAssetImporter) -> (artifact id: 'b89f810c452b248c014f182ae5caa680') in 0.00049326 seconds
Start importing ProjectSettings/MemorySettings.asset using Guid(0000000000000000f100000000000000) (LibraryAssetImporter) -> (artifact id: '19f032dc933bd79e61da5c81f7ddd1ac') in 0.000453421 seconds
Start importing ProjectSettings/MultiplayerManager.asset using Guid(00000000000000000200000000000000) (LibraryAssetImporter) -> (artifact id: 'f060d13f2990d90fc35c577bb4111c66') in 0.00048911 seconds
Start importing Library/BuildInstructions using Guid(00000000000000002300000000000000) (DefaultImporter) -> (artifact id: 'ade3aeda13ad9960ede0e143cb33502a') in 0.00029345 seconds
Start importing Packages/com.unity.modules.imgui using Guid(c060426bfd6e82575228df6656368eaa) (DefaultImporter) -> (artifact id: '7d484ab5933192f91b6a2fb9f7498a1e') in 0.00027679 seconds
Start importing Packages/com.unity.test-framework using Guid(12e72cf5cc797d2d9d9efb8ef98def9b) (DefaultImporter) -> (artifact id: '4d090dd6f54e47835fe2fff3fed31ca5') in 0.00027594 seconds
Start importing Packages/com.unity.ext.nunit using Guid(8395595b7bf590c7907ee201107c2670) (DefaultImporter) -> (artifact id: '6c2c6df3f978b4aa2d5c5720e0f28756') in 0.00026564 seconds
Start importing Assets/HierarchyColorStudio using Guid(654f69ad725e93b778f0f0593aa74239) (DefaultImporter) -> (artifact id: '7f7cafa58d857fc240a75c10ad86f748') in 0.00024469 seconds
Start importing Packages/com.unity.modules.physics using Guid(d6db7caf2e852b75ebb9c6098418179c) (DefaultImporter) -> (artifact id: 'b562405fb5bd1c9305c356f8cfe7a672') in 0.00026623 seconds
Start importing Packages/com.unity.modules.uielements using Guid(2808ba6bccb2478ec9c7209d8bf1f3cc) (DefaultImporter) -> (artifact id: '49f971d306aab8cb20ddbc00ca94734a') in 0.000270021 seconds
Start importing Packages/com.unity.modules.ui using Guid(39728903e57c60021f80449a8bbc0096) (DefaultImporter) -> (artifact id: '9ba448b29b75a8a1f5c4c31201266424') in 0.00026914 seconds
Start importing Packages/com.unity.modules.hierarchycore using Guid(6b81377a4453ba7362eb3322f9bcc6c6) (DefaultImporter) -> (artifact id: 'b5ba94375de312bec58cfc03230046fb') in 0.00026898 seconds
Start importing Packages/com.unity.modules.jsonserialize using Guid(fc3a810351931f5e6183e16b9beb5563) (DefaultImporter) -> (artifact id: 'ae149b8f46567b37c6b77b16bb572fe8') in 0.00026778 seconds
Start importing Packages/com.unity.test-framework/UnityEngine.TestRunner using Guid(950890083f4907541a6ed06d70959e49) (DefaultImporter) -> (artifact id: 'b2380b0eb08023ce063c7b7396ba8e5e') in 0.000250811 seconds
Start importing Packages/com.unity.test-framework/UnityEditor.TestRunner using Guid(95cdf27b47eb82747ba9e51f41e72a35) (DefaultImporter) -> (artifact id: '77f76be7513a4e9a3b3e2eeeb0b13cad') in 0.00024602 seconds
Start importing Packages/com.unity.test-framework/Tests using Guid(b70e28337c9001e4390442151ea5542c) (DefaultImporter) -> (artifact id: '88dd20ad2c23d64332e901fda31c7692') in 0.00026136 seconds
Start importing Assets/HierarchyColorStudio/Editor using Guid(5d81d7ef0eac9da4b858547a26204071) (DefaultImporter) -> (artifact id: 'c5121ba6e18e7302da5b1757c7721b5e') in 0.0002411 seconds
Start importing Packages/com.unity.ext.nunit/net40 using Guid(af19581c6078849139e0671f575e4b7c) (DefaultImporter) -> (artifact id: '7cfa80f12945c74956f086b3610c7a51') in 0.00024479 seconds
Start importing Packages/com.unity.ext.nunit/net40/unity-custom using Guid(c0673f99c7a5d42e081a6f88c5a37862) (DefaultImporter) -> (artifact id: 'f4fcd55258eeff1a5f459a9ca176b6e0') in 0.00025336 seconds
Start importing Assets/HierarchyColorStudio/Editor/Persistence using Guid(52883b3fd4804225685edf5d1e9eb141) (DefaultImporter) -> (artifact id: '23ca3d0e34630c679d32ea0efa7eb395') in 0.00024278 seconds
Start importing Packages/com.unity.test-framework/UnityEditor.TestRunner/UnityTestProtocol using Guid(936c6340f3468444ebb1785b4c311126) (DefaultImporter) -> (artifact id: '483d26fa6f42e15acd6790bf9c72ba8c') in 0.00025071 seconds
Start importing Packages/com.unity.test-framework/UnityEditor.TestRunner/CommandLineTest using Guid(b477d1f29b65a674e9d5cdab4eb72b01) (DefaultImporter) -> (artifact id: 'd7abe359a1b05afd93dcd5b5d76cf33e') in 0.00024891 seconds
Start importing Packages/com.unity.test-framework/UnityEditor.TestRunner/TestSettings using Guid(95b719082a664ea45bb56759eed1f271) (DefaultImporter) -> (artifact id: '4d0b04fada6b6a6a34a84bcd27e10c97') in 0.000253881 seconds
Start importing Assets/HierarchyColorStudio/Editor/GUI using Guid(164bda0ec41aebc06bed6a9fe62730d6) (DefaultImporter) -> (artifact id: '923e882214c33e6b64bdec70ef4c8073') in 0.00023844 seconds
Start importing Packages/com.unity.test-framework/UnityEditor.TestRunner/CommandLineParser using Guid(7602252bdb82b8d45ae3483c3a00d3e1) (DefaultImporter) -> (artifact id: '7f4042be8b266d41f83337d8fd3e2897') in 0.00024703 seconds
Start importing Packages/com.unity.test-framework/UnityEditor.TestRunner/TestLaunchers using Guid(d64d92e4f04a13e4b99ea8d48e9e8ae9) (DefaultImporter) -> (artifact id: '3292843884b5f7b4874453a902cfa1e0') in 0.00024748 seconds
Start importing Packages/com.unity.test-framework/UnityEditor.TestRunner/TestRun using Guid(8721cb2237d4a564a94a51f56243bdac) (DefaultImporter) -> (artifact id: '878b6064979e1990108a77cb392d64d1') in 0.00024086 seconds
Start importing Packages/com.unity.test-framework/UnityEngine.TestRunner/UnityTestProtocol using Guid(19e1940646874613a076c6b01d1f3404) (DefaultImporter) -> (artifact id: 'e62a4d5776733de3dd284c7bda3e08bd') in 0.0002439 seconds
Start importing Packages/com.unity.test-framework/UnityEditor.TestRunner/TestRunner using Guid(49d4c2ab7ff0f4442af256bad7c9d57c) (DefaultImporter) -> (artifact id: '2c2a8c762103d2c2092be30ecefdc9a7') in 0.00025909 seconds
Start importing Packages/com.unity.test-framework/UnityEngine.TestRunner/Assertions using Guid(1ad55f5ad04d1d045a1f287409c650dd) (DefaultImporter) -> (artifact id: '6bdaa59d84691a380c3ba7c1d8bfa849') in 0.00024494 seconds
Start importing Packages/com.unity.test-framework/Tests/TestNewCustomAssembly using Guid(ca0e5e7973267894ca8e1dceb2210ee5) (DefaultImporter) -> (artifact id: 'ec9729808b7dd6604b68694c1a94e68b') in 0.00028169 seconds
Start importing Packages/com.unity.test-framework/UnityEditor.TestRunner/Api using Guid(fa423365b1ce06a4dbdc6fb4a8597bfa) (DefaultImporter) -> (artifact id: '4f9583793d5edc94661340236f21f4e3') in 0.000346241 seconds
Start importing Packages/com.unity.test-framework/UnityEngine.TestRunner/Utils using Guid(bb32bccaf32a6db448d1c0cc99c78688) (DefaultImporter) -> (artifact id: 'b9ac2eaa7c139997734a4cfd1edbf73e') in 0.00034113 seconds
Start importing Assets/HierarchyColorStudio/Editor/Utilities using Guid(eb465a05a5a1050b687cb94b6aeaac53) (DefaultImporter) -> (artifact id: '2337c43f2445c06da512d64c68da067a') in 0.00034052 seconds
Start importing Packages/com.unity.test-framework/UnityEngine.TestRunner/TestRunner using Guid(1ddb9e1c877ea80479d1eab4ddaa5d0d) (DefaultImporter) -> (artifact id: '6a7e2bf038898dc9a9d8427c931ca44c') in 0.000348281 seconds
Start importing Packages/com.unity.test-framework/UnityEngine.TestRunner/NUnitExtensions using Guid(3e8d6af343b383544ba5743d119f4062) (DefaultImporter) -> (artifact id: '3f6e2ec14976a9de8c44a24fd5a1df3a') in 0.00032492 seconds
Start importing Packages/com.unity.test-framework/UnityEditor.TestRunner/GUI using Guid(7e609b27ad2caa14c83dd9951b6c13c6) (DefaultImporter) -> (artifact id: '112f12c0c6681ccaea11688622ebb526') in 0.00025966 seconds
Start importing Assets/HierarchyColorStudio/Editor/Core using Guid(7eb09a108ff43a58a9de74e0269e7693) (DefaultImporter) -> (artifact id: 'af7874b8c2fe527b97a20141576567b3') in 0.00024935 seconds
Start importing Packages/com.unity.test-framework/UnityEditor.TestRunner/NUnitExtension using Guid(3f9202a39620f51418046c7754f215f0) (DefaultImporter) -> (artifact id: 'ab112e9ad4c0d836ad3545dea28bc266') in 0.000257461 seconds
Start importing Packages/com.unity.test-framework/UnityEngine.TestRunner/Utils/AssemblyProvider using Guid(51557afa652635743b264a309f0a5c60) (DefaultImporter) -> (artifact id: '8a639915519a692529fdf384c74138af') in 0.00025739 seconds
Start importing Packages/com.unity.test-framework/UnityEngine.TestRunner/TestRunner/Callbacks using Guid(61e236e8570a95e4eb754fb291e102e0) (DefaultImporter) -> (artifact id: 'd55b575d8e5d473cc2e43dbbdeaeff7c') in 0.00024691 seconds
Start importing Packages/com.unity.test-framework/UnityEngine.TestRunner/TestRunner/RemoteHelpers using Guid(91c20d2c22b8b3a4cb6c816bd225591a) (DefaultImporter) -> (artifact id: '30fb2d9dd2eecdb696675b50955e4ebc') in 0.00025065 seconds
Start importing Packages/com.unity.test-framework/UnityEngine.TestRunner/Assertions/LogScope using Guid(b1d8465ba1376b148bdab58965101f47) (DefaultImporter) -> (artifact id: 'aac2509859303379c698e7a61b119125') in 0.000266281 seconds
Start importing Packages/com.unity.test-framework/UnityEditor.TestRunner/GUI/TestAssets using Guid(92e3104769da143888a712cdea27d950) (DefaultImporter) -> (artifact id: '1c339984e4f7b537284cfc59f8240800') in 0.0002597 seconds
Start importing Packages/com.unity.test-framework/UnityEditor.TestRunner/TestLaunchers/Helpers using Guid(a3cb89150b8a4060b89a32725a8e267e) (DefaultImporter) -> (artifact id: '1c6550e824ea391f5fd50f57247dd2be') in 0.00025507 seconds
Start importing Packages/com.unity.test-framework/UnityEngine.TestRunner/NUnitExtensions/Filters using Guid(c3de99f9efc582a48995bc8e8c2df418) (DefaultImporter) -> (artifact id: '6a3e6215aa297c9a4e3c7159efb1015c') in 0.00025816 seconds
Start importing Packages/com.unity.test-framework/UnityEngine.TestRunner/TestRunner/Messages using Guid(256a0ca37fa972840bce7fca446e75e7) (DefaultImporter) -> (artifact id: '49c9fa09840fad3e17b412376a8dcf2a') in 0.000255201 seconds
Start importing Packages/com.unity.test-framework/UnityEditor.TestRunner/GUI/Views using Guid(c5535d742ea2e4941850b421f9c70a1f) (DefaultImporter) -> (artifact id: 'd8974548c2c7ab5d5ad7599c432a1bc7') in 0.00025262 seconds
Start importing Packages/com.unity.test-framework/UnityEditor.TestRunner/UnityTestProtocol/Data using Guid(3610673068254436ac90019f46e09f01) (DefaultImporter) -> (artifact id: 'edf71b33f3965ea27aa0f561aefe6dce') in 0.00029516 seconds
Start importing Packages/com.unity.test-framework/UnityEditor.TestRunner/NUnitExtension/Attributes using Guid(96c503bf059df984c86eecf572370347) (DefaultImporter) -> (artifact id: '2e346665254194df03f2d47ad0a2e81b') in 0.00025571 seconds
Start importing Packages/com.unity.test-framework/UnityEditor.TestRunner/GUI/TestListBuilder using Guid(07ea0326ed848fb4489187cb58f96113) (DefaultImporter) -> (artifact id: 'c9ef4e1b8c0b54cbe4a5a11c696e4b78') in 0.00025948 seconds
Start importing Packages/com.unity.test-framework/UnityEngine.TestRunner/NUnitExtensions/Runner using Guid(37888acc09d9ee848bf9559f06645c45) (DefaultImporter) -> (artifact id: 'ee1e527b3560111b8f9aa3c43ad7e9a9') in 0.000269231 seconds
Start importing Packages/com.unity.test-framework/UnityEditor.TestRunner/GUI/TestListTreeView using Guid(68cb547af0187634aad591a09c01cd5b) (DefaultImporter) -> (artifact id: 'bcc7fabbc19415c35b0572cf2f2337a5') in 0.00025149 seconds
Start importing Packages/com.unity.test-framework/UnityEditor.TestRunner/GUI/Controls using Guid(e88eef57957d4440c8a7ff2ef9dd3d97) (DefaultImporter) -> (artifact id: 'c4f64d42392877fbc9299e30e3929089') in 0.00026177 seconds
Start importing Packages/com.unity.test-framework/UnityEditor.TestRunner/TestRun/Data using Guid(4926c06156894939ba0a2680f1b0aa7a) (DefaultImporter) -> (artifact id: 'e85e5880a8fb926656c64ebb007116bd') in 0.00026037 seconds
Start importing Packages/com.unity.test-framework/UnityEditor.TestRunner/Api/Analytics using Guid(891bb6b9f5094c36b59c3788e21c8213) (DefaultImporter) -> (artifact id: '7afc1f32db95c3782cc44b8be1b1fdd2') in 0.000247221 seconds
Start importing Packages/com.unity.test-framework/UnityEditor.TestRunner/TestRunner/Messages using Guid(d9682e749d3efc642af54d789d9090a6) (DefaultImporter) -> (artifact id: '34a2da094325aea95250bbc91b3bacfc') in 0.00025338 seconds
Start importing Packages/com.unity.test-framework/UnityEngine.TestRunner/NUnitExtensions/Commands using Guid(6b72875690e0f7343911e06af3145bd5) (DefaultImporter) -> (artifact id: 'f36e7cf57d57bd868768c4d06537389c') in 0.00025595 seconds
Start importing Packages/com.unity.test-framework/UnityEditor.TestRunner/TestLaunchers/PlatformSetup using Guid(ebc4d20cc106cea49b1df1153f0b3b5e) (DefaultImporter) -> (artifact id: 'b557b5aa3ee3c1d394dd361be2918e20') in 0.00026355 seconds
Start importing Packages/com.unity.test-framework/UnityEngine.TestRunner/NUnitExtensions/Attributes using Guid(0cb14878543cf3d4f8472b15f7ecf0e3) (DefaultImporter) -> (artifact id: '75903ed02331572f0967609c7b7f1e1c') in 0.000257401 seconds
Start importing Packages/com.unity.test-framework/UnityEditor.TestRunner/TestRunner/Callbacks using Guid(5d7f0d6acfced954682a89e7002c04d9) (DefaultImporter) -> (artifact id: '0dec5c1fe4d62597a6f06205aa5984cd') in 0.00025719 seconds
Start importing Packages/com.unity.test-framework/UnityEditor.TestRunner/TestRun/Tasks using Guid(6dba53789da15814387fa5b1445e81e0) (DefaultImporter) -> (artifact id: '72f33cfefcd167ac88b3efeb6da24af6') in 0.00025969 seconds
Start importing Packages/com.unity.test-framework/UnityEditor.TestRunner/UnityTestProtocol/Messages using Guid(9ea154c33fd8466f973f004e5c962df7) (DefaultImporter) -> (artifact id: 'd8ce3e034bebd7e36b2b6ecc121483da') in 0.00025201 seconds
Start importing Packages/com.unity.test-framework/UnityEngine.TestRunner/Utils/MonoBehaviourTest using Guid(ce8da628f68c7594b8b9a597fa52db7b) (DefaultImporter) -> (artifact id: '2d38e1309f0ea79159d19d1fe0eb6c3d') in 0.00025115 seconds
Start importing Packages/com.unity.test-framework/UnityEditor.TestRunner/TestRunner/Utils using Guid(1f5bbb88ca730434483440cbc0278ef6) (DefaultImporter) -> (artifact id: 'd5d79cd3d4288070e6bddcbfc9c58d29') in 0.000265561 seconds
Start importing Packages/com.unity.test-framework/UnityEditor.TestRunner/TestRun/Tasks/Player using Guid(94a6220ee1a442249702c9df66e0fe1b) (DefaultImporter) -> (artifact id: 'f827ae25f95ca0b2387aab13d0de9e87') in 0.00025292 seconds
Start importing Packages/com.unity.test-framework/UnityEditor.TestRunner/TestRun/Tasks/Scene using Guid(692476ac695e7b74a8d9eabd48862009) (DefaultImporter) -> (artifact id: 'c93fad50921024025a405a0a862090ff') in 0.00025263 seconds
Start importing Packages/com.unity.test-framework/UnityEditor.TestRunner/TestRun/Tasks/Platform using Guid(d973b7805df545bdae3986ab72a6c2e8) (DefaultImporter) -> (artifact id: '20a6de28fd8aedef407457a6ca2d05cd') in 0.00031749 seconds
Start importing Packages/com.unity.test-framework/UnityEditor.TestRunner/TestRun/Tasks/Events using Guid(cca5935142d6c754f9ecdce1294f7079) (DefaultImporter) -> (artifact id: '1f81049cc8c4f238fec5f2b1ea887709') in 0.000360381 seconds
Start importing Packages/com.unity.test-framework/Tests/TestNewCustomAssembly/TestNewCustomAssembly.asmdef using Guid(005d90528beb64e71b011a6207806ed5) (AssemblyDefinitionImporter) -> (artifact id: 'fdab9d5d4dfc6a2d471dd347f8a4173e') in 0.00083591 seconds
Start importing Packages/com.unity.test-framework/UnityEngine.TestRunner/UnityEngine.TestRunner.asmdef using Guid(27619889b8ba8c24980f49ee34dbb44a) (AssemblyDefinitionImporter) -> (artifact id: '4e99211f6fa79279dcc82bfb5cb90702') in 0.000557961 seconds
Start importing Packages/com.unity.test-framework/UnityEditor.TestRunner/UnityEditor.TestRunner.asmdef using Guid(0acc523941302664db1f4e527237feb3) (AssemblyDefinitionImporter) -> (artifact id: 'a37885b78cc3bc346b8ba1ba7dd76b0c') in 0.0004374 seconds
Start importing Assets/HierarchyColorStudio/Editor/CryNet.HierarchyColorStudio.Editor.asmdef using Guid(1b28f4f2ec689c0aeb364f65ea2f4a3b) (AssemblyDefinitionImporter) -> (artifact id: '125e75e5dbf2b862fd280b06ed45d67c') in 0.000434611 seconds
Start importing Packages/com.unity.modules.ui/package.ModuleCompilationTrigger using Guid(51fa60bb2bd1e5bc74e8cc95a7bfd5b7) (DefaultImporter) -> (artifact id: '237e32f9541121b786ca4b06eace0dfe') in 0.00026552 seconds
Start importing Packages/com.unity.modules.hierarchycore/package.ModuleCompilationTrigger using Guid(d104359075a97392b803d3d5aebc77f7) (DefaultImporter) -> (artifact id: '5f087c93c58d9b1c35f89c539ed3a98d') in 0.00026759 seconds
Start importing Packages/com.unity.modules.jsonserialize/package.ModuleCompilationTrigger using Guid(e6a135e3ea9cb46795d1b0e05ac3e1e5) (DefaultImporter) -> (artifact id: '8d26f1c211bce77f7cf17eccccd57b0d') in 0.00026987 seconds
Start importing Packages/com.unity.modules.uielements/package.ModuleCompilationTrigger using Guid(8a752aaaadd2410dd9a84e01c1bace9f) (DefaultImporter) -> (artifact id: 'ae37e7f0f1483578fc0d8d28fd17e0e2') in 0.000261211 seconds
Start importing Packages/com.unity.modules.physics/package.ModuleCompilationTrigger using Guid(5c1ee4056d0ac7ad3c5a16597fcaa38a) (DefaultImporter) -> (artifact id: '288b7a03d6481d4e92cee0ae908758ad') in 0.00025638 seconds
Start importing Packages/com.unity.modules.imgui/package.ModuleCompilationTrigger using Guid(be13c398521e3c1ad21fb9da30ab2ab6) (DefaultImporter) -> (artifact id: 'ea0574aa05344c7e80357502346d73fc') in 0.00026727 seconds
Refreshing native plugins compatible for Editor in 0.00 ms, found 0 plugins.
Native extension for LinuxStandalone target not found
ScheduleIndexationOnStartup MainProcess:True IndexOnStartup:True
Mono: successfully reloaded assembly
- Finished resetting the current domain, in  0.388 seconds
Domain Reload Profiling: 812ms
	BeginReloadAssembly (249ms)
		ExecutionOrderSort (0ms)
		DisableScriptedObjects (6ms)
		BackupInstance (0ms)
		ReleaseScriptingObjects (0ms)
		CreateAndSetChildDomain (147ms)
	RebuildCommonClasses (32ms)
	RebuildNativeTypeToScriptingClass (8ms)
	initialDomainReloadingComplete (23ms)
	LoadAllAssembliesAndSetupDomain (112ms)
		LoadAssemblies (158ms)
		RebuildTransferFunctionScriptingTraits (0ms)
		AnalyzeDomain (18ms)
			TypeCache.Refresh (14ms)
				TypeCache.ScanAssembly (10ms)
			BuildScriptInfoCaches (3ms)
			ResolveRequiredComponents (0ms)
	FinalizeReload (388ms)
		ReleaseScriptCaches (0ms)
		RebuildScriptCaches (0ms)
		SetupLoadedEditorAssemblies (294ms)
			LogAssemblyErrors (0ms)
			InitializePlatformSupportModulesInManaged (18ms)
			SetLoadedEditorAssemblies (4ms)
			BeforeProcessingInitializeOnLoad (122ms)
			ProcessInitializeOnLoadAttributes (111ms)
			ProcessInitializeOnLoadMethodAttributes (34ms)
			AfterProcessingInitializeOnLoad (5ms)
			EditorAssembliesLoaded (0ms)
		ExecutionOrderSort2 (0ms)
		AwakeInstancesAfterBackupRestoration (7ms)
Start importing Library/BuildPlayer.prefs using Guid(00000000000000005000000000000000) (DefaultImporter) -> (artifact id: '083d37eb6b0e82b8f5c1ec86344d848d') in 0.004139853 seconds
Start importing Packages/com.unity.modules.jsonserialize/package.json using Guid(40bf3cec17fa0b49fe04443c8332d638) (PackageManifestImporter) -> (artifact id: '4bbe75e7d3a83ee7597a3bcba3a1e7c4') in 0.0007766 seconds
Start importing Packages/com.unity.ext.nunit/package.json using Guid(8143d3a8390f2c64685e3bc272bd9e90) (PackageManifestImporter) -> (artifact id: '58257cbe18cc8bf71dc515572b091d50') in 0.00047292 seconds
Start importing Packages/com.unity.modules.imgui/package.json using Guid(42fe78c8fe682715a2cb531422e6ccb3) (PackageManifestImporter) -> (artifact id: '258497c2a57bcde162ae716914ae3ed9') in 0.00045601 seconds
Start importing Packages/com.unity.ext.nunit/CHANGELOG.md using Guid(f49bbe06ffa5ae24abe32abdab430c24) (TextScriptImporter) -> (artifact id: 'fceecea86d3291d57dee7acd6734d35a') in 0.000598571 seconds
Start importing Packages/com.unity.test-framework/CHANGELOG.md using Guid(d691174143fd3774ba63d7c493633b99) (TextScriptImporter) -> (artifact id: '042e5d077a319e13cd83b80ccc9d2b2b') in 0.00049041 seconds
Start importing Packages/com.unity.test-framework/package.json using Guid(d6a2e6e4803de7b43baacdc355fc144d) (PackageManifestImporter) -> (artifact id: 'b03da600ba2f0947c1f063a5658862e0') in 0.000480051 seconds
Start importing Packages/com.unity.ext.nunit/LICENSE.md using Guid(f91a00d2dca52b843b2d50ccf750737d) (TextScriptImporter) -> (artifact id: '55298590a2352299e08e2ff1f27aa1b0') in 0.0004432 seconds
Start importing Packages/com.unity.modules.physics/package.json using Guid(1a4266815e998967becf686f9c71f0a6) (PackageManifestImporter) -> (artifact id: '1cb3c922b1dde68060b01eaebbe11061') in 0.00042726 seconds
Start importing Packages/com.unity.modules.hierarchycore/package.json using Guid(9b1a5759726ef9d39a0ab82047b615f1) (PackageManifestImporter) -> (artifact id: 'f8312a43334a232c6dcc461c88a0f84c') in 0.000437761 seconds
Start importing Packages/com.unity.ext.nunit/README.md using Guid(5da62a0c1c5218c4aa16b74546a7822d) (TextScriptImporter) -> (artifact id: 'ebd2415c4602e9e8df3bcf5433f75a5e') in 0.00043626 seconds
Start importing Packages/com.unity.test-framework/LICENSE.md using Guid(3ec7596410385054a9e0bc90377fbe63) (TextScriptImporter) -> (artifact id: '0186e104071661cdf600f060f6e90c25') in 0.00044489 seconds
Start importing Packages/com.unity.modules.uielements/package.json using Guid(4f0f9b9f3ed97ad2b9ba8f1a8e4666c2) (PackageManifestImporter) -> (artifact id: '36271f0eec42ff4f9f792f8881523b29') in 0.000435931 seconds
Start importing Packages/com.unity.modules.ui/package.json using Guid(bfd567a3d1631a761bca9e99fa53d86d) (PackageManifestImporter) -> (artifact id: '279189e7cd82f2da7fbbe656319204cf') in 0.00042125 seconds
Start importing Packages/com.unity.ext.nunit/Third Party Notices.md using Guid(bfcb3ba499f7d452b92d9a9cc3378788) (TextScriptImporter) -> (artifact id: 'a0ad95160bf24b81a3492900b4dce76e') in 0.0004382 seconds
Loading style catalogs (6)
	StyleSheets/Extensions/base/common.uss
	UIPackageResources/StyleSheets/Default/Variables/Public/common.uss
	StyleSheets/Northstar/common.uss
	StyleSheets/Extensions/fonts/inter.uss
	StyleSheets/Extensions/base/dark.uss
	UIPackageResources/StyleSheets/Default/Northstar/Palette/dark.uss
Refreshing native plugins compatible for Editor in 0.00 ms, found 0 plugins.
Preloading 0 native plugins for Editor in 0.00 ms.
Asset Pipeline Refresh (id=09e91881d8e3220a693a8d0431520328): Total: 6.610 seconds - Initiated by InitialRefreshV2(ForceSynchronousImport)
	Summary:
		Imports: total=111 (actual=111, local cache=0, cache server=0)
		Asset DB Process Time: managed=7 ms, native=592 ms
		Asset DB Callback time: managed=167 ms, native=504 ms
		Scripting: domain reloads=1, domain reload time=425 ms, compile time=4904 ms, other=9 ms
		Project Asset Count: scripts=96, non-scripts=15
		Asset File Changes: new=530, changed=530, moved=0, deleted=0
		Scan Filter Count: 1
	InvokeCustomDependenciesCallbacks: 0.003ms
	InvokePackagesCallback: 496.226ms
	ApplyChangesToAssetFolders: 0.075ms
	Scan: 72.704ms
	OnSourceAssetsModified: 2.162ms
	CategorizeAssetsWithTransientArtifact: 3.250ms
	ProcessAssetsWithTransientArtifactChanges: 3.771ms
	CategorizeAssets: 0.442ms
	ImportOutOfDateAssets: 461.973ms (-4514.038ms without children)
		ImportManagerImport: 71.836ms (7.078ms without children)
			ImportInProcess: 64.565ms
			UpdateCategorizedAssets: 0.193ms
		CompileScripts: 4903.778ms
		ReloadNativeAssets: 0.001ms
		UnloadImportedAssets: 0.255ms
		ReloadImportedAssets: 0.010ms
		EnsureUptoDateAssetsAreRegisteredWithGuidPM: 0.011ms
		InitializingProgressBar: 0.005ms
		PostProcessAllAssetNotificationsAddChangedAssets: 0.000ms
		OnDemandSchedulerStart: 0.115ms
	PostProcessAllAssets: 173.584ms
	Hotreload: 0.788ms
	GatherAllCurrentPrimaryArtifactRevisions: 0.001ms
	UnloadStreamsBegin: 0.925ms
	PersistCurrentRevisions: 0.089ms
	UnloadStreamsEnd: 0.000ms
	GenerateScriptTypeHashes: 0.001ms
	Untracked: 5393.661ms

Application.AssetDatabase Initial Refresh End
Scanning for USB devices : 3.864ms
Initializing Unity extensions:
UpdateMenuTitleForLanguage: 10
[MODES] ModeService[none].Initialize
[MODES] ModeService[none].LoadModes
[MODES] Loading mode Default (0) for mode-current-id-Dev63
Unloading 3 Unused Serialized files (Serialized files now loaded: 0)
Unloading 434 unused Assets / (0.9 MB). Loaded Objects now: 1046.
Memory consumption went from 86.0 MB to 85.1 MB.
Total: 6.466725 ms (FindLiveObjects: 0.077300 ms CreateObjectMapping: 0.020361 ms MarkObjects: 5.770384 ms  DeleteObjects: 0.598180 ms)

Batchmode quit successfully invoked - shutting down!
Curl error 42: Callback aborted
[Physics::Module] Cleanup current backend.
[Physics::Module] Id: 0xf2b8ea05
Input System module state changed to: ShutdownInProgress.
Input System polling thread exited.
Input System module state changed to: Shutdown.
[Licensing::IpcConnector] LicenseClient-crynet-notifications channel disconnected successfully.
[Licensing::IpcConnector] LicenseClient-crynet channel disconnected successfully.
AcceleratorClientConnectionCallback - disconnected - :0
[40m[32minfo[39m[22m[49m: Microsoft.Hosting.Lifetime[0]
      Application is shutting down...
Cleanup mono
debugger-agent: Unable to listen on 37
Exiting batchmode successfully now!
