Unity Editor version:    6000.5.5f1 (d16e074b49fd)
Branch:                  6000.5/staging
Build type:              Release
Batch mode:              YES
System name:             Linux
Distro version:          #138~22.04.1-Ubuntu SMP PREEMPT_DYNAMIC Fri Aug  7 13:43:15 UTC 
Kernel version:          6.8.0-138-generic
Architecture:            x86_64
Available memory:        64200 MB
Date:                    2026-08-22T21:50:45Z
[Licensing::Module] Trying to connect to existing licensing client channel...
Initialize udev device monitor.
[Licensing::IpcConnector] Successfully connected to: "LicenseClient-crynet" at "2026-08-22T21:50:45.466185Z"
[SignatureVerifier] Application signature verification not supported on this platform.
[Licensing::Client] Error: HandshakeResponse reported an error:
	ResponseCode: 505
	ResponseStatus: Unsupported protocol version '1.18.1'.
[Licensing::Module] Error: Failed to handshake to channel: "LicenseClient-crynet"
[Licensing::IpcConnector] LicenseClient-crynet channel disconnected successfully.

COMMAND LINE ARGUMENTS:
/media/crynet/DATA/GAMEDEV/Unity/6000.5.5f1/Editor/Unity
-batchmode
-nographics
-silent-crashes
-disable-assembly-updater
-projectPath
[Licensing::IpcConnector] Successfully connected to: "LicenseClient-crynet-6000.5.5" at "2026-08-22T21:50:45.468816Z"
/media/crynet/DATA/GAMEDEV/HierarchyColorStudio/Dev
-quit
-logFile
/media/crynet/DATA/GAMEDEV/HierarchyColorStudio/Dist/demo.log
-executeMethod
CryNet.HierarchyColorStudio.Authoring.DemoSceneAuthoring.RebuildDemoScene
[SignatureVerifier] Application signature verification not supported on this platform.
Successfully changed project path to: /media/crynet/DATA/GAMEDEV/HierarchyColorStudio/Dev
[Licensing::Client] Handshaking with LicensingClient:
  Version:                 1.18.1+9fbee8e
  Session Id:              3b970ca2a9d34cfcb74838382cf92d8e
  Correlation Id:          12942f19deb280bcaa7a1e6993db90f4
  External correlation Id: 1247685578716652856
  Machine Id:              lF+nD3jF1V9hST0AjrlIBWiEwFY=
[Licensing::Module] Successfully connected to LicensingClient on channel: "LicenseClient-crynet-6000.5.5" (connect: 0.00s, validation: 0.00s, handshake: 0.00s)
[Licensing::IpcConnector] Successfully connected to: "LicenseClient-crynet-6000.5.5-notifications" at "2026-08-22T21:50:45.469816Z"
[Licensing::Module] Error: Access token is unavailable; failed to update
[Licensing::Client] Successfully resolved entitlement details
[Licensing::Module] License group:
  Id: 7972507634729-UnityPersXXXX
  Product: Unity Personal
  Type: Assigned
  Expiration: Unlimited
[Licensing::Client] Successfully updated license, isAsync: True, time: 0.00
[Licensing::Client] Successfully resolved entitlement details
[Licensing::Module] Licensing Background thread has ended after 0.00s
/media/crynet/DATA/GAMEDEV/HierarchyColorStudio/Dev
[UnityMemory] Configuration Parameters - Can be set up in boot.config
    "memorysetup-temp-allocator-size-gi-baking-worker=262144"
    "memorysetup-temp-allocator-size-gi-baking-worker=262144"
    "memorysetup-temp-allocator-size-gi-baking-worker=262144"
    "memorysetup-temp-allocator-size-gi-baking-worker=262144"
    "memorysetup-temp-allocator-size-gi-baking-worker=262144"
    "memorysetup-temp-allocator-size-nav-mesh-worker=65536"
    "memorysetup-temp-allocator-size-audio-worker=65536"
    "memorysetup-temp-allocator-size-cloud-worker=32768"
    "memorysetup-allocator-temp-initial-block-size-main=262144"
    "memorysetup-allocator-temp-initial-block-size-worker=262144"
    "memorysetup-temp-allocator-size-preload-manager=33554432"
    "memorysetup-temp-allocator-size-gfx=262144"
    "memorysetup-temp-allocator-size-background-worker=32768"
    "memorysetup-temp-allocator-size-job-worker=262144"
    "memorysetup-bucket-allocator-granularity=16"
    "memorysetup-bucket-allocator-bucket-count=8"
    "memorysetup-bucket-allocator-block-size=33554432"
    "memorysetup-bucket-allocator-block-count=8"
    "memorysetup-main-allocator-block-size=16777216"
    "memorysetup-thread-allocator-block-size=16777216"
    "memorysetup-main-allocator-mimalloc-enabled=0"
    "memorysetup-gfx-main-allocator-block-size=16777216"
    "memorysetup-gfx-thread-allocator-block-size=16777216"
    "memorysetup-cache-allocator-block-size=4194304"
    "memorysetup-typetree-allocator-block-size=2097152"
    "memorysetup-profiler-bucket-allocator-granularity=16"
    "memorysetup-profiler-bucket-allocator-bucket-count=8"
    "memorysetup-profiler-bucket-allocator-block-size=33554432"
    "memorysetup-profiler-bucket-allocator-block-count=8"
    "memorysetup-profiler-allocator-block-size=16777216"
    "memorysetup-profiler-editor-allocator-block-size=1048576"
    "memorysetup-temp-allocator-size-main=16777216"
    "memorysetup-job-temp-allocator-block-size=2097152"
    "memorysetup-job-temp-allocator-block-size-background=1048576"
    "memorysetup-job-temp-allocator-reduction-small-platforms=262144"
Logging is directed to a specific file, skipping project log.Player connection [139606614039360]  Target information:

Player connection [139606614039360]  * "[IP] 192.168.0.104 [Port] 55505 [Flags] 2 [Guid] 335867764 [EditorId] 335867764 [Version] 1048832 [Id] LinuxEditor(16,192.168.0.104) [Debug] 1 [PackageName] LinuxEditor [ProjectName] Editor" 

Player connection [139606614039360]  * "[IP] 172.18.0.1 [Port] 55505 [Flags] 2 [Guid] 335867764 [EditorId] 335867764 [Version] 1048832 [Id] LinuxEditor(16,192.168.0.104) [Debug] 1 [PackageName] LinuxEditor [ProjectName] Editor" 

Player connection [139606614039360]  * "[IP] 172.17.0.1 [Port] 55505 [Flags] 2 [Guid] 335867764 [EditorId] 335867764 [Version] 1048832 [Id] LinuxEditor(16,192.168.0.104) [Debug] 1 [PackageName] LinuxEditor [ProjectName] Editor" 

Player connection [139606614039360] Host joined multi-casting on [225.0.0.222:54997]...
Player connection [139606614039360] Host joined alternative multi-casting on [225.0.0.222:34997]...
Input System module state changed to: Initialized.
[Physics::Module] Initialized fallback backend.
[Physics::Module] Id: 0xdecafbad
[Package Manager] Connected to IPC stream "Upm-32205" after 0.2 seconds.
[Licensing::Client] Successfully resolved entitlement details
Library Redirect Path: Library/
[Physics::Module] Selected backend.
[Physics::Module] Name: PhysX
[Physics::Module] Id: 0xf2b8ea05
[Physics::Module] SDK Version: 4.1.2
[Physics::Module] Integration Version: 1.0.0
[Physics::Module] Threading Mode: Multi-Threaded
Initialize engine version: 6000.5.5f1 (d16e074b49fd)
[Subsystems] Discovering subsystems at path /media/crynet/DATA/GAMEDEV/Unity/6000.5.5f1/Editor/Data/Resources/UnitySubsystems
[Subsystems] Discovering subsystems at path /media/crynet/DATA/GAMEDEV/HierarchyColorStudio/Dev/Assets
Forcing GfxDevice: Null
GfxDevice: creating device client; kGfxThreadingModeNonThreaded
NullGfxDevice:
    Version:  NULL 1.0 [1.0]
    Renderer: Null Device
    Vendor:   Unity Technologies
Initialize mono
Mono path[0] = '/media/crynet/DATA/GAMEDEV/Unity/6000.5.5f1/Editor/Data/Managed'
Mono path[1] = '/media/crynet/DATA/GAMEDEV/Unity/6000.5.5f1/Editor/Data/BCLExtensions/runtime/netstandard2.1'
Mono path[2] = '/media/crynet/DATA/GAMEDEV/Unity/6000.5.5f1/Editor/Data/MonoBleedingEdge/lib/mono/unityjit-linux'
Mono config path = '/media/crynet/DATA/GAMEDEV/Unity/6000.5.5f1/Editor/Data/MonoBleedingEdge/etc'
Using monoOptions --debugger-agent=transport=dt_socket,embedding=1,server=y,suspend=n,address=127.0.0.1:56205
CodeReloadManager initialized
ImportWorker Server TCP listen port: 0
AcceleratorClientConnectionCallback - disconnected - :0
Begin MonoManager ReloadAssembly
Registering precompiled unity dll's ...
Register platform support module: /media/crynet/DATA/GAMEDEV/Unity/6000.5.5f1/Editor/Data/PlaybackEngines/LinuxStandaloneSupport/UnityEditor.LinuxStandalone.Extensions.dll
Registered in 0.001680 seconds.
Native extension for LinuxStandalone target not found
Package Manager log level set to [2]
[Licensing::Client] Successfully resolved entitlement details
ScheduleIndexationOnStartup MainProcess:False IndexOnStartup:False
Mono: successfully reloaded assembly
- Finished resetting the current domain, in  0.770 seconds
Domain Reload Profiling: 1218ms
	BeginReloadAssembly (108ms)
		CreateAndSetChildDomain (23ms)
	RebuildCommonClasses (5ms)
	RebuildNativeTypeToScriptingClass (10ms)
	initialDomainReloadingComplete (60ms)
	LoadAllAssembliesAndSetupDomain (263ms)
		LoadAssemblies (84ms)
		AnalyzeDomain (189ms)
			TypeCache.Refresh (187ms)
				TypeCache.ScanAssembly (172ms)
	FinalizeReload (773ms)
		SetupLoadedEditorAssemblies (0ms)
			BeforeProcessingInitializeOnLoad (88ms)
			ProcessInitializeOnLoadAttributes (92ms)
			ProcessInitializeOnLoadMethodAttributes (516ms)
[Licensing::Client] Successfully resolved entitlement details
Application.AssetDatabase Initial Refresh Start
[Package Manager] Restoring resolved packages state from cache
[Licensing::Client] Successfully resolved entitlement details
[Package Manager] Registered 9 packages:
  Built-in packages:
    com.unity.test-framework@1.7.0 (location: /media/crynet/DATA/GAMEDEV/HierarchyColorStudio/Dev/Library/PackageCache/com.unity.test-framework@773a3a4953ad)
    com.unity.modules.imgui@1.0.0 (location: /media/crynet/DATA/GAMEDEV/HierarchyColorStudio/Dev/Library/PackageCache/com.unity.modules.imgui)
    com.unity.modules.jsonserialize@1.0.0 (location: /media/crynet/DATA/GAMEDEV/HierarchyColorStudio/Dev/Library/PackageCache/com.unity.modules.jsonserialize)
    com.unity.modules.ui@1.0.0 (location: /media/crynet/DATA/GAMEDEV/HierarchyColorStudio/Dev/Library/PackageCache/com.unity.modules.ui)
    com.unity.modules.uielements@1.0.0 (location: /media/crynet/DATA/GAMEDEV/HierarchyColorStudio/Dev/Library/PackageCache/com.unity.modules.uielements)
    com.unity.modules.hierarchycore@1.0.0 (location: /media/crynet/DATA/GAMEDEV/HierarchyColorStudio/Dev/Library/PackageCache/com.unity.modules.hierarchycore)
    com.unity.modules.physics@1.0.0 (location: /media/crynet/DATA/GAMEDEV/HierarchyColorStudio/Dev/Library/PackageCache/com.unity.modules.physics)
    com.unity.modules.animation@1.0.0 (location: /media/crynet/DATA/GAMEDEV/HierarchyColorStudio/Dev/Library/PackageCache/com.unity.modules.animation)
    com.unity.ext.nunit@2.1.0 (location: /media/crynet/DATA/GAMEDEV/HierarchyColorStudio/Dev/Library/PackageCache/com.unity.ext.nunit@9054f8d1d690)
[Subsystems] No new subsystems found in resolved package list.
[Package Manager] Done registering packages in 0.00 seconds
[ScriptCompilation] Requested script compilation because: AssetDatabase observed changes in script compilation related files
info: Microsoft.Hosting.Lifetime[14]
      Now listening on: http://unix:/tmp/ilpp.sock-e6aa66559961bc38fd0b9c6acda330de
info: Microsoft.Hosting.Lifetime[0]
      Application started. Press Ctrl+C to shut down.
info: Microsoft.Hosting.Lifetime[0]
      Hosting environment: Production
info: Microsoft.Hosting.Lifetime[0]
      Content root path: /media/crynet/DATA/GAMEDEV/HierarchyColorStudio/Dev
info: Microsoft.AspNetCore.Hosting.Diagnostics[1]
      Request starting HTTP/2 POST http://ilpp/UnityILPP.PostProcessing/Ping - application/grpc -
info: Microsoft.AspNetCore.Routing.EndpointMiddleware[0]
      Executing endpoint 'gRPC - /UnityILPP.PostProcessing/Ping'
info: Microsoft.AspNetCore.Routing.EndpointMiddleware[1]
      Executed endpoint 'gRPC - /UnityILPP.PostProcessing/Ping'
info: Microsoft.AspNetCore.Hosting.Diagnostics[2]
      Request finished HTTP/2 POST http://ilpp/UnityILPP.PostProcessing/Ping - 200 - application/grpc 28.7533ms
Starting: /media/crynet/DATA/GAMEDEV/Unity/6000.5.5f1/Editor/Data/Tools/BuildPipeline/bee_backend --ipc --defer-dag-verification --dagfile="Library/Bee/2400b0aEDbg.dag" --continue-on-failure --profile="Library/Bee/backend1.traceevents" ScriptAssemblies
WorkingDir: /media/crynet/DATA/GAMEDEV/HierarchyColorStudio/Dev
DisplayProgressbar: Compiling Scripts
Starting: /media/crynet/DATA/GAMEDEV/Unity/6000.5.5f1/Editor/Data/netcorerun/netcorerun "/media/crynet/DATA/GAMEDEV/Unity/6000.5.5f1/Editor/Data/Tools/BuildPipeline/ScriptCompilationBuildProgram.exe" "Library/Bee/2400b0aEDbg.dag.json" "Library/Bee/2400b0aEDbg-inputdata.json" "Library/Bee/buildprogram0.traceevents"
WorkingDir: /media/crynet/DATA/GAMEDEV/HierarchyColorStudio/Dev
ExitCode: 4 Duration: 2s153ms
Rebuilding DAG because FileSignature timestamp changed: Library/Bee/2400b0aEDbg-inputdata.json
[179/185    2s] Csc Library/Bee/artifacts/2400b0aEDbg.dag/CryNet.HierarchyColorStudio.Editor.dll (+2 others)
*** Tundra requires additional run (2.03 seconds), 1 items updated, 178 evaluated
ExitCode: 0 Duration: 0s384ms
Starting: /media/crynet/DATA/GAMEDEV/Unity/6000.5.5f1/Editor/Data/Tools/BuildPipeline/bee_backend --ipc --defer-dag-verification --dagfile="Library/Bee/2400b0aEDbg.dag" --continue-on-failure --dagfilejson="Library/Bee/2400b0aEDbg.dag.json" --profile="Library/Bee/backend2.traceevents" ScriptAssemblies
WorkingDir: /media/crynet/DATA/GAMEDEV/HierarchyColorStudio/Dev
ExitCode: 0 Duration: 0s227ms
Finished compiling graph: 196 nodes, 1169 flattened edges (1127 ToBuild, 10 ToUse), maximum node priority 52
[168/193    0s] WriteText Library/Bee/artifacts/2400b0aEDbg.dag/Assembly-CSharp-Editor.UnityAdditionalFile.txt
[169/193    0s] WriteText Library/Bee/artifacts/2400b0aEDbg.dag/Assembly-CSharp-Editor.dll.mvfrm.rsp
[170/193    0s] WriteText Library/Bee/artifacts/2400b0aEDbg.dag/Assembly-CSharp-Editor.rsp2
[171/193    0s] WriteText Library/Bee/artifacts/2400b0aEDbg.dag/Assembly-CSharp-Editor.rsp
[184/193    0s] CopyFiles Library/ScriptAssemblies/CryNet.HierarchyColorStudio.Editor.pdb
[185/193    0s] CopyFiles Library/ScriptAssemblies/CryNet.HierarchyColorStudio.Editor.dll
[186/193    0s] MovedFromExtractor-Combine Library/Bee/artifacts/2400b0aEDbg.dag/Assembly-CSharp-Editor.dll.mvfrm
[187/193    0s] Csc Library/Bee/artifacts/2400b0aEDbg.dag/CryNet.HierarchyColorStudio.Tests.Editor.dll (+2 others)
[188/193    0s] CopyFiles Library/ScriptAssemblies/CryNet.HierarchyColorStudio.Tests.Editor.pdb
[189/193    0s] CopyFiles Library/ScriptAssemblies/CryNet.HierarchyColorStudio.Tests.Editor.dll
[190/193    0s] Csc Library/Bee/artifacts/2400b0aEDbg.dag/Assembly-CSharp-Editor.dll (+2 others)
[191/193    0s] CopyFiles Library/ScriptAssemblies/Assembly-CSharp-Editor.pdb
[192/193    0s] CopyFiles Library/ScriptAssemblies/Assembly-CSharp-Editor.dll
*** Tundra build success (0.21 seconds), 13 items updated, 193 evaluated
AssetDatabase: script compilation time: 3.045238s
Begin MonoManager ReloadAssembly
Total cache size 266545080
Total cache size after purge 266545080, took 00:00:00.1227551
Importing 'GUID: 17b53e3304e258066b9b1fdc435a9250 - Path: Assets/_Development/Authoring' with importer (DefaultImporter)
Imported 'GUID: 17b53e3304e258066b9b1fdc435a9250' -> (Import Result ID: '76b9e17355c3aa569d3f960fc80c3ebe') in 0.016 seconds [static dependencies only]. Details - ImportResultOutputID=80e15406d4ad4f5b85ad8236f8e97f40 DependenciesID=5b2115697ba3210aa3ffcbde78a93708 StaticDependenciesID=a2bd7472f79ab0ef8521f333a001b606 
Importing 'GUID: 33e483c2ad296856599a8f52b18a0bd6 - Path: Assets/_Development/Authoring/Editor' with importer (DefaultImporter)
Imported 'GUID: 33e483c2ad296856599a8f52b18a0bd6' -> (Import Result ID: 'eecb12c75443a652bfaf179a965e21c6') in 0.001 seconds [static dependencies only]. Details - ImportResultOutputID=cf60d461bf44e517ad668454997cedb3 DependenciesID=b9f52b4048196b251991f52729d3e088 StaticDependenciesID=093a619287132f3c88bced8390397558 
Native extension for LinuxStandalone target not found
ScheduleIndexationOnStartup MainProcess:True IndexOnStartup:True
Mono: successfully reloaded assembly
- Finished resetting the current domain, in  0.397 seconds
Domain Reload Profiling: 848ms
	BeginReloadAssembly (226ms)
		DisableScriptedObjects (53ms)
		CreateAndSetChildDomain (69ms)
	RebuildCommonClasses (7ms)
	RebuildNativeTypeToScriptingClass (10ms)
	initialDomainReloadingComplete (35ms)
	LoadAllAssembliesAndSetupDomain (172ms)
		LoadAssemblies (148ms)
		AnalyzeDomain (18ms)
			TypeCache.Refresh (10ms)
				TypeCache.ScanAssembly (6ms)
			BuildScriptInfoCaches (6ms)
	FinalizeReload (399ms)
		SetupLoadedEditorAssemblies (0ms)
			BeforeProcessingInitializeOnLoad (92ms)
			ProcessInitializeOnLoadAttributes (70ms)
			ProcessInitializeOnLoadMethodAttributes (83ms)
			AfterProcessingInitializeOnLoad (6ms)
		AwakeInstancesAfterBackupRestoration (14ms)
Starting new worker id: 0 with log in /media/crynet/DATA/GAMEDEV/HierarchyColorStudio/Dev/Logs/AssetImportWorkerHW0.log

Asset Pipeline Refresh (id=c554bfc040f92a9da8d84c1898595506): Total: 4.159 seconds - Initiated by InitialRefreshV2(ForceSynchronousImport)
	(Values over 0.05ms)
	Summary:
		Imports: total=2 (actual=2, local cache=0, cache server=0)
		Asset DB Process Time: managed=3 ms, native=552 ms
		Asset DB Callback time: managed=69 ms, native=3 ms
		Scripting: domain reloads=1, domain reload time=470 ms, compile time=3047 ms, other=10 ms
		Project Asset Count: scripts=102, non-scripts=16
		Asset File Changes: new=3, changed=4, moved=0, deleted=0
		Scan Filter Count: 1
	InvokePackagesCallback: 2.480ms
	ApplyChangesToAssetFolders: 0.090ms
	Scan: 73.805ms
	Collect global state as custom dependencies: 2.753ms
	OnSourceAssetsModified: 0.537ms
	CategorizeScriptCompilationAssets: 2.069ms
	ProcessAssetsWithTransientArtifactChanges: 5.352ms
	CategorizeAssets: 0.847ms
	CompileScripts: 3047.448ms
	ImportOutOfDateAssets: 439.998ms (402.372ms without children)
		ImportManagerImport: 21.356ms (4.294ms without children)
		UnloadImportedAssets: 0.271ms
		ImportSchedulerStart: 15.956ms
	PostProcessAllAssets: 70.453ms
		VCAutoAddAssetPostprocess 0.916ms
		PostProcessCallbackCreateDeferredMaterials 0.072ms
		MonoPostProcessAllAssets: 68.916ms
			AssetPostprocessor.OnPostprocessAllAssets 21.850ms
			StyleCatalogPostProcessor.OnPostprocessAllAssets 15.103ms
			WindowAssetPostprocessingWatcher.OnPostprocessAllAssets 7.297ms
			BuilderAssetPostprocessor.OnPostprocessAllAssets 5.352ms
			AssetChangedListener.OnPostprocessAllAssets 2.147ms
			RetainedModeAssetPostprocessor.OnPostprocessAllAssets 1.153ms
			SyncVS.PostprocessSyncProject 1.136ms
			EditModeScopePostprocessor.OnPostprocessAllAssets 1.018ms
			ArtifactBrowserPostProcessor.OnPostprocessAllAssets 0.664ms
			SpeedTree9Postprocessor.OnPostprocessAllAssets 0.625ms
			TextAssetPostProcessor.OnPostprocessAllAssets 0.569ms
			TerrainToolbarOverlayPostProcessor.OnPostprocessAllAssets 0.302ms
			AudioMixerPostprocessor.OnPostprocessAllAssets 0.280ms
			AssetEvents.OnPostprocessAllAssets 0.257ms
			SpeedTreePostProcessor.OnPostprocessAllAssets 0.170ms
			ReferencedClipsPostProcessor.OnPostprocessAllAssets 0.169ms
			AssetDatabaseCallbacks.OnPostprocessAllAssets 0.164ms
			ConfigAssetsTracker.OnPostprocessAllAssets 0.151ms
			ScenarioDriftAssetsTracker.OnPostprocessAllAssets 0.122ms
			RenderPipelineGlobalSettingsPostprocessor.OnPostprocessAllAssets 0.119ms
			AudioContainerPostProcessor.OnPostprocessAllAssets 0.119ms
	PostAssetChangesProfiler: 0.936ms
	UnloadStreamsBegin: 1.243ms
	PersistCurrentRevisions: 0.097ms
	Untracked: 509.683ms

Application.AssetDatabase Initial Refresh End
Scanning for USB devices : 3.969ms
Initializing Unity extensions:
UpdateMenuTitleForLanguage: 10
[MODES] ModeService[none].Initialize
[MODES] ModeService[none].LoadModes
[MODES] Loading mode Default (0) for mode-current-id-Dev
Unloading 3 Unused Serialized files (Serialized files now loaded: 0)
Unloading 441 unused Assets / (0.5 MB). Loaded Objects now: 1079.
Memory consumption went from 101.9 MB to 101.4 MB.
Total: 7.295216 ms (FindLiveObjects: 0.096761 ms CreateObjectMapping: 0.102760 ms MarkObjects: 6.609224 ms  DeleteObjects: 0.485681 ms)

Unloading 0 Unused Serialized files (Serialized files now loaded: 0)
Unloading 0 unused Assets / (0 B). Loaded Objects now: 1079.
Memory consumption went from 101.1 MB to 101.1 MB.
Total: 5.358054 ms (FindLiveObjects: 0.048100 ms CreateObjectMapping: 0.031060 ms MarkObjects: 5.274784 ms  DeleteObjects: 0.003600 ms)

Importing 'GUID: 9c9bfa4228e6c46f28935ec8cf37667c - Path: Assets/HierarchyColorStudio/Samples' with importer (DefaultImporter)
Imported 'GUID: 9c9bfa4228e6c46f28935ec8cf37667c' -> (Import Result ID: '752f4efccaff219b8caed21126f1240a') in 0.001 seconds [static dependencies only]. Details - ImportResultOutputID=56822af83e524d25e5ef08a269516360 DependenciesID=9b224bb745e5df55446de38307a5e65c StaticDependenciesID=b7491bf7195ca982579fac608ae2e41f 
Importing 'GUID: 82bfe5e9f1ea3fb0a89a97eaaa6d47a5 - Path: Assets/HierarchyColorStudio/Samples/Demo' with importer (DefaultImporter)
Imported 'GUID: 82bfe5e9f1ea3fb0a89a97eaaa6d47a5' -> (Import Result ID: '9b7805fe9658282f6dca5330592fd040') in 0.001 seconds [static dependencies only]. Details - ImportResultOutputID=21d23b638b951a59d575bda5bf48b1f3 DependenciesID=f738bd9e15d3d0c2ba1d4012d7d26058 StaticDependenciesID=4af460d45d9ecab558a81a1b771ce5e0 
Importing 'GUID: 1418f92b8d7271aacba8778b8453d3f1 - Path: Assets/HierarchyColorStudio/Samples/Demo/HierarchyColorStudioDemo.unity' with importer (DefaultImporter)
Imported 'GUID: 1418f92b8d7271aacba8778b8453d3f1' -> (Import Result ID: '9b222c22103cf5ce2e490ff8f161f621') in 0.001 seconds [static dependencies only]. Details - ImportResultOutputID=488141e52cadee415d80fbbb646f374f DependenciesID=18b70b23307be1f3b2d79fa9858eb55d StaticDependenciesID=137bed969dc3462c36fd58af012af6d4 
Asset Pipeline Refresh (id=0dd1dcb0d14feaa768d5b9a4812a36cb): Total: 0.012 seconds - Initiated by StopAssetImportingV2(NoUpdateAssetOptions)
Importing 'GUID: 1418f92b8d7271aacba8778b8453d3f1 - Path: Assets/HierarchyColorStudio/Samples/Demo/HierarchyColorStudioDemo.unity' with importer (DefaultImporter)
Imported 'GUID: 1418f92b8d7271aacba8778b8453d3f1' -> (Import Result ID: '9b222c22103cf5ce2e490ff8f161f621') in 0.001 seconds [static dependencies only]. Details - ImportResultOutputID=488141e52cadee415d80fbbb646f374f DependenciesID=18b70b23307be1f3b2d79fa9858eb55d StaticDependenciesID=137bed969dc3462c36fd58af012af6d4 
Asset Pipeline Refresh (id=764f501642e9a9f11ab1d9e85f285b24): Total: 0.008 seconds - Initiated by StopAssetImportingV2(NoUpdateAssetOptions)
Importing 'GUID: 14c78fd7139a349caa6ce7905d5e5852 - Path: Assets/HierarchyColorStudio/Samples/Demo/HierarchyColorStudioDemoColors.json' with importer (TextScriptImporter)
Imported 'GUID: 14c78fd7139a349caa6ce7905d5e5852' -> (Import Result ID: 'd0461065aa7121c0d375a0bee9c8fe0e') in 0.002 seconds [static dependencies only]. Details - ImportResultOutputID=ecbcc5012808c35ab9f8df915d3bb492 DependenciesID=8fdf617713975d933b2bd5aea674edf2 StaticDependenciesID=70e6da94fc222262982b8e308805d44f 
Asset Pipeline Refresh (id=05f812b9427bfff47a76f40b6f79eeab): Total: 0.006 seconds - Initiated by StopAssetImportingV2(NoUpdateAssetOptions)
Demo scene and color set rebuilt.
UnityEngine.Debug:ExtractStackTraceNoAlloc (byte*,int,string)
UnityEngine.StackTraceUtility:ExtractStackTrace () (at /home/bokken/build/output/unity/unity/Runtime/Export/Scripting/StackTrace.cs:35)
UnityEngine.DebugLogHandler:Internal_Log (UnityEngine.LogType,UnityEngine.LogOption,string,UnityEngine.Object)
UnityEngine.DebugLogHandler:LogFormat (UnityEngine.LogType,UnityEngine.Object,string,object[])
UnityEngine.Logger:Log (UnityEngine.LogType,object)
UnityEngine.Debug:Log (object)
CryNet.HierarchyColorStudio.Authoring.DemoSceneAuthoring:RebuildDemoScene () (at Assets/_Development/Authoring/Editor/DemoSceneAuthoring.cs:60)

(Filename: Assets/_Development/Authoring/Editor/DemoSceneAuthoring.cs Line: 60)

Batchmode quit successfully invoked - shutting down!
Curl error 42: Callback aborted
[Physics::Module] Cleanup current backend.
[Physics::Module] Id: 0xf2b8ea05
Input System module state changed to: ShutdownInProgress.
Input Polling Thread exited.
Input System module state changed to: Shutdown.
[Licensing::IpcConnector] LicenseClient-crynet-6000.5.5-notifications channel disconnected successfully.
[Licensing::IpcConnector] LicenseClient-crynet-6000.5.5 channel disconnected successfully.
Shutting down MSBuild server...
Shutting down VB/C# compiler server...
VB/C# compiler server shut down successfully.
MSBuild server shut down successfully.
AcceleratorClientConnectionCallback - disconnected - :0
info: Microsoft.Hosting.Lifetime[0]
      Application is shutting down...
Cleanup mono
CodeReloadManager destroyed
debugger-agent: Unable to listen on 45
Exiting batchmode successfully now!
